Archive member included to satisfy reference by file (symbol)

c:/program files (x86)/atmel/studio/7.0/toolchain/arm/arm-gnu-toolchain/bin/../lib/gcc/arm-none-eabi/6.3.1/../../../../arm-none-eabi/lib/thumb/v7e-m\libc.a(lib_a-exit.o)
                              c:/program files (x86)/atmel/studio/7.0/toolchain/arm/arm-gnu-toolchain/bin/../lib/gcc/arm-none-eabi/6.3.1/../../../../arm-none-eabi/lib/thumb/v7e-m/crt0.o (exit)
c:/program files (x86)/atmel/studio/7.0/toolchain/arm/arm-gnu-toolchain/bin/../lib/gcc/arm-none-eabi/6.3.1/../../../../arm-none-eabi/lib/thumb/v7e-m\libc.a(lib_a-impure.o)
                              c:/program files (x86)/atmel/studio/7.0/toolchain/arm/arm-gnu-toolchain/bin/../lib/gcc/arm-none-eabi/6.3.1/../../../../arm-none-eabi/lib/thumb/v7e-m\libc.a(lib_a-exit.o) (_global_impure_ptr)
c:/program files (x86)/atmel/studio/7.0/toolchain/arm/arm-gnu-toolchain/bin/../lib/gcc/arm-none-eabi/6.3.1/../../../../arm-none-eabi/lib/thumb/v7e-m\libc.a(lib_a-init.o)
                              c:/program files (x86)/atmel/studio/7.0/toolchain/arm/arm-gnu-toolchain/bin/../lib/gcc/arm-none-eabi/6.3.1/../../../../arm-none-eabi/lib/thumb/v7e-m/crt0.o (__libc_init_array)
c:/program files (x86)/atmel/studio/7.0/toolchain/arm/arm-gnu-toolchain/bin/../lib/gcc/arm-none-eabi/6.3.1/../../../../arm-none-eabi/lib/thumb/v7e-m\libc.a(lib_a-iprintf.o)
                              src/main.o (iprintf)
c:/program files (x86)/atmel/studio/7.0/toolchain/arm/arm-gnu-toolchain/bin/../lib/gcc/arm-none-eabi/6.3.1/../../../../arm-none-eabi/lib/thumb/v7e-m\libc.a(lib_a-memcpy.o)
                              src/ASF/thirdparty/freertos/freertos-7.3.0/source/queue.o (memcpy)
c:/program files (x86)/atmel/studio/7.0/toolchain/arm/arm-gnu-toolchain/bin/../lib/gcc/arm-none-eabi/6.3.1/../../../../arm-none-eabi/lib/thumb/v7e-m\libc.a(lib_a-memset.o)
                              c:/program files (x86)/atmel/studio/7.0/toolchain/arm/arm-gnu-toolchain/bin/../lib/gcc/arm-none-eabi/6.3.1/../../../../arm-none-eabi/lib/thumb/v7e-m/crt0.o (memset)
c:/program files (x86)/atmel/studio/7.0/toolchain/arm/arm-gnu-toolchain/bin/../lib/gcc/arm-none-eabi/6.3.1/../../../../arm-none-eabi/lib/thumb/v7e-m\libc.a(lib_a-sprintf.o)
                              src/ASF/thirdparty/freertos/freertos-7.3.0/source/tasks.o (sprintf)
c:/program files (x86)/atmel/studio/7.0/toolchain/arm/arm-gnu-toolchain/bin/../lib/gcc/arm-none-eabi/6.3.1/../../../../arm-none-eabi/lib/thumb/v7e-m\libc.a(lib_a-strcat.o)
                              src/ASF/thirdparty/freertos/freertos-7.3.0/source/tasks.o (strcat)
c:/program files (x86)/atmel/studio/7.0/toolchain/arm/arm-gnu-toolchain/bin/../lib/gcc/arm-none-eabi/6.3.1/../../../../arm-none-eabi/lib/thumb/v7e-m\libc.a(lib_a-strcpy.o)
                              c:/program files (x86)/atmel/studio/7.0/toolchain/arm/arm-gnu-toolchain/bin/../lib/gcc/arm-none-eabi/6.3.1/../../../../arm-none-eabi/lib/thumb/v7e-m\libc.a(lib_a-strcat.o) (strcpy)
c:/program files (x86)/atmel/studio/7.0/toolchain/arm/arm-gnu-toolchain/bin/../lib/gcc/arm-none-eabi/6.3.1/../../../../arm-none-eabi/lib/thumb/v7e-m\libc.a(lib_a-strlen.o)
                              src/ASF/thirdparty/freertos/freertos-7.3.0/source/FreeRTOS_CLI.o (strlen)
c:/program files (x86)/atmel/studio/7.0/toolchain/arm/arm-gnu-toolchain/bin/../lib/gcc/arm-none-eabi/6.3.1/../../../../arm-none-eabi/lib/thumb/v7e-m\libc.a(lib_a-strncmp.o)
                              src/ASF/thirdparty/freertos/freertos-7.3.0/source/FreeRTOS_CLI.o (strncmp)
c:/program files (x86)/atmel/studio/7.0/toolchain/arm/arm-gnu-toolchain/bin/../lib/gcc/arm-none-eabi/6.3.1/../../../../arm-none-eabi/lib/thumb/v7e-m\libc.a(lib_a-strncpy.o)
                              src/ASF/thirdparty/freertos/freertos-7.3.0/source/FreeRTOS_CLI.o (strncpy)
c:/program files (x86)/atmel/studio/7.0/toolchain/arm/arm-gnu-toolchain/bin/../lib/gcc/arm-none-eabi/6.3.1/../../../../arm-none-eabi/lib/thumb/v7e-m\libc.a(lib_a-svfprintf.o)
                              c:/program files (x86)/atmel/studio/7.0/toolchain/arm/arm-gnu-toolchain/bin/../lib/gcc/arm-none-eabi/6.3.1/../../../../arm-none-eabi/lib/thumb/v7e-m\libc.a(lib_a-sprintf.o) (_svfprintf_r)
c:/program files (x86)/atmel/studio/7.0/toolchain/arm/arm-gnu-toolchain/bin/../lib/gcc/arm-none-eabi/6.3.1/../../../../arm-none-eabi/lib/thumb/v7e-m\libc.a(lib_a-vfiprintf.o)
                              c:/program files (x86)/atmel/studio/7.0/toolchain/arm/arm-gnu-toolchain/bin/../lib/gcc/arm-none-eabi/6.3.1/../../../../arm-none-eabi/lib/thumb/v7e-m\libc.a(lib_a-iprintf.o) (_vfiprintf_r)
c:/program files (x86)/atmel/studio/7.0/toolchain/arm/arm-gnu-toolchain/bin/../lib/gcc/arm-none-eabi/6.3.1/../../../../arm-none-eabi/lib/thumb/v7e-m\libc.a(lib_a-wsetup.o)
                              c:/program files (x86)/atmel/studio/7.0/toolchain/arm/arm-gnu-toolchain/bin/../lib/gcc/arm-none-eabi/6.3.1/../../../../arm-none-eabi/lib/thumb/v7e-m\libc.a(lib_a-vfiprintf.o) (__swsetup_r)
[...]
Memory Configuration

Name             Origin             Length             Attributes
rom              0x00400000         0x00200000         xr
ram              0x20400000         0x00060000         xrw
*default*        0x00000000         0xffffffff

Linker script and memory map

LOAD c:/program files (x86)/atmel/studio/7.0/toolchain/arm/arm-gnu-toolchain/bin/../lib/gcc/arm-none-eabi/6.3.1/thumb/v7e-m/crti.o
LOAD c:/program files (x86)/atmel/studio/7.0/toolchain/arm/arm-gnu-toolchain/bin/../lib/gcc/arm-none-eabi/6.3.1/thumb/v7e-m/crtbegin.o
LOAD c:/program files (x86)/atmel/studio/7.0/toolchain/arm/arm-gnu-toolchain/bin/../lib/gcc/arm-none-eabi/6.3.1/../../../../arm-none-eabi/lib/thumb/v7e-m/crt0.o
LOAD src/ASF/common/services/sleepmgr/sam/sleepmgr.o
LOAD src/ASF/sam/drivers/rtc/rtc.o
LOAD src/ASF/sam/drivers/rtt/rtt.o
LOAD src/ASF/sam/drivers/spi/spi.o
LOAD src/ASF/sam/drivers/tc/tc.o
LOAD src/ASF/thirdparty/freertos/freertos-7.3.0/source/FreeRTOS_CLI.o
LOAD src/ASF/thirdparty/freertos/freertos-7.3.0/source/list.o
LOAD src/ASF/thirdparty/freertos/freertos-7.3.0/source/portable/gcc/sam_cm4f/port.o
LOAD src/ASF/thirdparty/freertos/freertos-7.3.0/source/portable/memmang/heap_4.o
LOAD src/ASF/thirdparty/freertos/freertos-7.3.0/source/queue.o
LOAD src/ASF/thirdparty/freertos/freertos-7.3.0/source/tasks.o
LOAD src/ASF/thirdparty/freertos/freertos-7.3.0/source/timers.o
LOAD src/oled/gfx_mono_framebuffer.o
LOAD src/oled/gfx_mono_generic.o
LOAD src/oled/gfx_mono_text.o
LOAD src/oled/gfx_mono_ug_2832hsweg04.o
LOAD src/oled/ssd1306.o
LOAD src/oled/sysfont.o
LOAD src/ASF/common/services/delay/sam/cycle_counter.o
LOAD src/ASF/common/services/clock/same70/sysclk.o
LOAD src/ASF/common/utils/interrupt/interrupt_sam_nvic.o
LOAD src/ASF/sam/boards/same70_xplained/init.o
LOAD src/ASF/sam/drivers/mpu/mpu.o
LOAD src/ASF/sam/drivers/pio/pio.o
LOAD src/ASF/sam/drivers/pio/pio_handler.o
LOAD src/ASF/sam/drivers/pmc/pmc.o
LOAD src/ASF/sam/drivers/pmc/sleep.o
LOAD src/ASF/sam/utils/cmsis/same70/source/templates/gcc/startup_same70.o
LOAD src/ASF/sam/utils/cmsis/same70/source/templates/system_same70.o
LOAD src/ASF/sam/utils/syscalls/gcc/syscalls.o
LOAD src/main.o
START GROUP
LOAD ../src/ASF/thirdparty/CMSIS/Lib/GCC\libarm_cortexM7lfsp_math_softfp.a
LOAD c:/program files (x86)/atmel/studio/7.0/toolchain/arm/arm-gnu-toolchain/bin/../lib/gcc/arm-none-eabi/6.3.1/../../../../arm-none-eabi/lib/thumb/v7e-m\libm.a
END GROUP
START GROUP
LOAD c:/program files (x86)/atmel/studio/7.0/toolchain/arm/arm-gnu-toolchain/bin/../lib/gcc/arm-none-eabi/6.3.1/thumb/v7e-m\libgcc.a
LOAD c:/program files (x86)/atmel/studio/7.0/toolchain/arm/arm-gnu-toolchain/bin/../lib/gcc/arm-none-eabi/6.3.1/../../../../arm-none-eabi/lib/thumb/v7e-m\libc.a
END GROUP
LOAD c:/program files (x86)/atmel/studio/7.0/toolchain/arm/arm-gnu-toolchain/bin/../lib/gcc/arm-none-eabi/6.3.1/thumb/v7e-m/crtend.o
LOAD c:/program files (x86)/atmel/studio/7.0/toolchain/arm/arm-gnu-toolchain/bin/../lib/gcc/arm-none-eabi/6.3.1/thumb/v7e-m/crtn.o
                0x00002000                STACK_SIZE = DEFINED (STACK_SIZE)?STACK_SIZE:0x2000
                0x2045fffc                __ram_end__ = ((ORIGIN (ram) + LENGTH (ram)) - 0x4)
                0x00000200                HEAP_SIZE = DEFINED (HEAP_SIZE)?HEAP_SIZE:0x200

.text           0x00400000     0x78a4
                0x00400000                . = ALIGN (0x4)
                0x00400000                _sfixed = .
 *(.vectors .vectors.*)
 .vectors       0x00400000      0x140 src/ASF/sam/utils/cmsis/same70/source/templates/gcc/startup_same70.o
                0x00400000                exception_table
 *(.text .text.* .gnu.linkonce.t.*)
 .text          0x00400140       0x6c c:/program files (x86)/atmel/studio/7.0/toolchain/arm/arm-gnu-toolchain/bin/../lib/gcc/arm-none-eabi/6.3.1/thumb/v7e-m/crtbegin.o
 .text.rtc_set_hour_mode
                0x004001ac       0x16 src/ASF/sam/drivers/rtc/rtc.o
                0x004001ac                rtc_set_hour_mode
 .text.rtc_enable_interrupt
                0x004001c2        0x4 src/ASF/sam/drivers/rtc/rtc.o
                0x004001c2                rtc_enable_interrupt
 .text.rtc_get_time
                0x004001c6       0x5a src/ASF/sam/drivers/rtc/rtc.o
                0x004001c6                rtc_get_time
 .text.rtc_set_time
                0x00400220       0x90 src/ASF/sam/drivers/rtc/rtc.o
                0x00400220                rtc_set_time
 .text.rtc_set_time_alarm
                0x004002b0       0x94 src/ASF/sam/drivers/rtc/rtc.o
                0x004002b0                rtc_set_time_alarm
 .text.rtc_get_date
                0x00400344       0x72 src/ASF/sam/drivers/rtc/rtc.o
                0x00400344                rtc_get_date
 *fill*         0x004003b6        0x2 
 .text.rtc_set_date
                0x004003b8       0xb8 src/ASF/sam/drivers/rtc/rtc.o
                0x004003b8                rtc_set_date
 .text.rtc_set_date_alarm
                0x00400470       0x60 src/ASF/sam/drivers/rtc/rtc.o
                0x00400470                rtc_set_date_alarm
 .text.rtc_get_status
                0x004004d0        0x4 src/ASF/sam/drivers/rtc/rtc.o
                0x004004d0                rtc_get_status
 .text.rtc_clear_status
                0x004004d4        0x4 src/ASF/sam/drivers/rtc/rtc.o
                0x004004d4                rtc_clear_status
 .text.rtt_init
                0x004004d8       0x14 src/ASF/sam/drivers/rtt/rtt.o
                0x004004d8                rtt_init
 .text.rtt_sel_source
                0x004004ec       0x2c src/ASF/sam/drivers/rtt/rtt.o
                0x004004ec                rtt_sel_source
 .text.rtt_enable_interrupt
                0x00400518       0x14 src/ASF/sam/drivers/rtt/rtt.o
                0x00400518                rtt_enable_interrupt
 .text.rtt_disable_interrupt
                0x0040052c       0x14 src/ASF/sam/drivers/rtt/rtt.o
                0x0040052c                rtt_disable_interrupt
 .text.rtt_read_timer_value
                0x00400540       0x14 src/ASF/sam/drivers/rtt/rtt.o
                0x00400540                rtt_read_timer_value
 .text.rtt_get_status
                0x00400554        0x4 src/ASF/sam/drivers/rtt/rtt.o
                0x00400554                rtt_get_status
 .text.rtt_write_alarm_time
                0x00400558       0x44 src/ASF/sam/drivers/rtt/rtt.o
                0x00400558                rtt_write_alarm_time
 .text.spi_enable_clock
                0x0040059c       0x2c src/ASF/sam/drivers/spi/spi.o
                0x0040059c                spi_enable_clock
 .text.spi_set_peripheral_chip_select_value
                0x004005c8       0x16 src/ASF/sam/drivers/spi/spi.o
                0x004005c8                spi_set_peripheral_chip_select_value
 .text.spi_write
                0x004005de       0x34 src/ASF/sam/drivers/spi/spi.o
                0x004005de                spi_write
 .text.spi_set_clock_polarity
                0x00400612       0x1e src/ASF/sam/drivers/spi/spi.o
                0x00400612                spi_set_clock_polarity
 .text.spi_set_clock_phase
                0x00400630       0x1e src/ASF/sam/drivers/spi/spi.o
                0x00400630                spi_set_clock_phase
 .text.spi_configure_cs_behavior
                0x0040064e       0x46 src/ASF/sam/drivers/spi/spi.o
                0x0040064e                spi_configure_cs_behavior
 .text.spi_set_bits_per_transfer
                0x00400694       0x14 src/ASF/sam/drivers/spi/spi.o
                0x00400694                spi_set_bits_per_transfer
 .text.spi_calc_baudrate_div
                0x004006a8       0x16 src/ASF/sam/drivers/spi/spi.o
                0x004006a8                spi_calc_baudrate_div
 .text.spi_set_baudrate_div
                0x004006be       0x28 src/ASF/sam/drivers/spi/spi.o
                0x004006be                spi_set_baudrate_div
 .text.tc_init  0x004006e6       0x1a src/ASF/sam/drivers/tc/tc.o
                0x004006e6                tc_init
 .text.tc_start
                0x00400700        0x8 src/ASF/sam/drivers/tc/tc.o
                0x00400700                tc_start
 .text.tc_write_rc
                0x00400708        0x8 src/ASF/sam/drivers/tc/tc.o
                0x00400708                tc_write_rc
 .text.tc_enable_interrupt
                0x00400710        0x8 src/ASF/sam/drivers/tc/tc.o
                0x00400710                tc_enable_interrupt
 .text.tc_get_status
                0x00400718        0x8 src/ASF/sam/drivers/tc/tc.o
                0x00400718                tc_get_status
 .text.tc_find_mck_divisor
                0x00400720       0x70 src/ASF/sam/drivers/tc/tc.o
                0x00400720                tc_find_mck_divisor
 .text.vListInsertEnd
                0x00400790       0x1c src/ASF/thirdparty/freertos/freertos-7.3.0/source/list.o
                0x00400790                vListInsertEnd
 .text.uxListRemove
                0x004007ac       0x28 src/ASF/thirdparty/freertos/freertos-7.3.0/source/list.o
                0x004007ac                uxListRemove
 .text.SVC_Handler
                0x004007d4       0x1c src/ASF/thirdparty/freertos/freertos-7.3.0/source/portable/gcc/sam_cm4f/port.o
                0x004007d4                SVC_Handler
 .text.ulPortSetInterruptMask
                0x004007f0       0x10 src/ASF/thirdparty/freertos/freertos-7.3.0/source/portable/gcc/sam_cm4f/port.o
                0x004007f0                ulPortSetInterruptMask
 .text.vPortClearInterruptMask
                0x00400800        0x6 src/ASF/thirdparty/freertos/freertos-7.3.0/source/portable/gcc/sam_cm4f/port.o
                0x00400800                vPortClearInterruptMask
 *fill*         0x00400806        0x2 
 .text.PendSV_Handler
                0x00400808       0x50 src/ASF/thirdparty/freertos/freertos-7.3.0/source/portable/gcc/sam_cm4f/port.o
                0x00400808                PendSV_Handler
 .text.SysTick_Handler
                0x00400858       0x2c src/ASF/thirdparty/freertos/freertos-7.3.0/source/portable/gcc/sam_cm4f/port.o
                0x00400858                SysTick_Handler
 .text.vTaskIncrementTick
                0x00400884      0x124 src/ASF/thirdparty/freertos/freertos-7.3.0/source/tasks.o
                0x00400884                vTaskIncrementTick
 .text.vTaskSwitchContext
                0x004009a8       0xa0 src/ASF/thirdparty/freertos/freertos-7.3.0/source/tasks.o
                0x004009a8                vTaskSwitchContext
 .text.gfx_mono_set_framebuffer
                0x00400a48        0xc src/oled/gfx_mono_framebuffer.o
                0x00400a48                gfx_mono_set_framebuffer
 .text.gfx_mono_framebuffer_put_byte
                0x00400a54       0x10 src/oled/gfx_mono_framebuffer.o
                0x00400a54                gfx_mono_framebuffer_put_byte
 .text.gfx_mono_framebuffer_get_byte
                0x00400a64       0x10 src/oled/gfx_mono_framebuffer.o
                0x00400a64                gfx_mono_framebuffer_get_byte
 .text.gfx_mono_generic_draw_horizontal_line
                0x00400a74       0xd0 src/oled/gfx_mono_generic.o
                0x00400a74                gfx_mono_generic_draw_horizontal_line
 .text.gfx_mono_generic_draw_vertical_line
                0x00400b44       0xa0 src/oled/gfx_mono_generic.o
                0x00400b44                gfx_mono_generic_draw_vertical_line
 .text.gfx_mono_generic_draw_rect
                0x00400be4       0x50 src/oled/gfx_mono_generic.o
                0x00400be4                gfx_mono_generic_draw_rect
 .text.gfx_mono_generic_draw_filled_rect
                0x00400c34       0x38 src/oled/gfx_mono_generic.o
                0x00400c34                gfx_mono_generic_draw_filled_rect
 .text.gfx_mono_draw_char
                0x00400c6c       0xac src/oled/gfx_mono_text.o
                0x00400c6c                gfx_mono_draw_char
 .text.gfx_mono_draw_string
                0x00400d18       0x48 src/oled/gfx_mono_text.o
                0x00400d18                gfx_mono_draw_string
 .text.gfx_mono_ssd1306_put_byte
                0x00400d60       0x50 src/oled/gfx_mono_ug_2832hsweg04.o
                0x00400d60                gfx_mono_ssd1306_put_byte
 .text.gfx_mono_ssd1306_init
                0x00400db0       0x50 src/oled/gfx_mono_ug_2832hsweg04.o
                0x00400db0                gfx_mono_ssd1306_init
 .text.gfx_mono_ssd1306_draw_pixel
                0x00400e00       0x64 src/oled/gfx_mono_ug_2832hsweg04.o
                0x00400e00                gfx_mono_ssd1306_draw_pixel
 .text.gfx_mono_ssd1306_get_byte
                0x00400e64        0xc src/oled/gfx_mono_ug_2832hsweg04.o
                0x00400e64                gfx_mono_ssd1306_get_byte
 .text.gfx_mono_ssd1306_mask_byte
                0x00400e70       0x44 src/oled/gfx_mono_ug_2832hsweg04.o
                0x00400e70                gfx_mono_ssd1306_mask_byte
 .text.ssd1306_write_command
                0x00400eb4       0x40 src/oled/ssd1306.o
                0x00400eb4                ssd1306_write_command
 .text.ssd1306_init
                0x00400ef4      0x1e0 src/oled/ssd1306.o
                0x00400ef4                ssd1306_init
 .text.ssd1306_write_data
                0x004010d4       0x40 src/oled/ssd1306.o
                0x004010d4                ssd1306_write_data
 .text.sysclk_init
                0x00401114       0x70 src/ASF/common/services/clock/same70/sysclk.o
                0x00401114                sysclk_init
 .text.board_init
                0x00401184      0x140 src/ASF/sam/boards/same70_xplained/init.o
                0x00401184                board_init
 .text.pio_set_debounce_filter
                0x004012c4       0x1a src/ASF/sam/drivers/pio/pio.o
                0x004012c4                pio_set_debounce_filter
 .text.pio_set  0x004012de        0x4 src/ASF/sam/drivers/pio/pio.o
                0x004012de                pio_set
 .text.pio_clear
                0x004012e2        0x4 src/ASF/sam/drivers/pio/pio.o
                0x004012e2                pio_clear
 .text.pio_set_peripheral
                0x004012e6       0x92 src/ASF/sam/drivers/pio/pio.o
                0x004012e6                pio_set_peripheral
 .text.pio_set_input
                0x00401378       0x36 src/ASF/sam/drivers/pio/pio.o
                0x00401378                pio_set_input
 .text.pio_set_output
                0x004013ae       0x28 src/ASF/sam/drivers/pio/pio.o
                0x004013ae                pio_set_output
 *fill*         0x004013d6        0x2 
 .text.pio_configure
                0x004013d8       0x90 src/ASF/sam/drivers/pio/pio.o
                0x004013d8                pio_configure
 .text.pio_configure_interrupt
                0x00401468       0x32 src/ASF/sam/drivers/pio/pio.o
                0x00401468                pio_configure_interrupt
 .text.pio_enable_interrupt
                0x0040149a        0x4 src/ASF/sam/drivers/pio/pio.o
                0x0040149a                pio_enable_interrupt
 .text.pio_get_interrupt_status
                0x0040149e        0x4 src/ASF/sam/drivers/pio/pio.o
                0x0040149e                pio_get_interrupt_status
 .text.pio_get_interrupt_mask
                0x004014a2        0x4 src/ASF/sam/drivers/pio/pio.o
                0x004014a2                pio_get_interrupt_mask
 *fill*         0x004014a6        0x2 
 .text.pio_handler_process
                0x004014a8       0x50 src/ASF/sam/drivers/pio/pio_handler.o
                0x004014a8                pio_handler_process
 .text.pio_handler_set
                0x004014f8       0x70 src/ASF/sam/drivers/pio/pio_handler.o
                0x004014f8                pio_handler_set
 .text.PIOA_Handler
                0x00401568       0x14 src/ASF/sam/drivers/pio/pio_handler.o
                0x00401568                PIOA_Handler
 .text.PIOB_Handler
                0x0040157c       0x14 src/ASF/sam/drivers/pio/pio_handler.o
                0x0040157c                PIOB_Handler
 .text.PIOC_Handler
                0x00401590       0x14 src/ASF/sam/drivers/pio/pio_handler.o
                0x00401590                PIOC_Handler
 .text.PIOD_Handler
                0x004015a4       0x14 src/ASF/sam/drivers/pio/pio_handler.o
                0x004015a4                PIOD_Handler
 .text.PIOE_Handler
                0x004015b8       0x14 src/ASF/sam/drivers/pio/pio_handler.o
                0x004015b8                PIOE_Handler
 .text.pmc_mck_set_division
                0x004015cc       0x38 src/ASF/sam/drivers/pmc/pmc.o
                0x004015cc                pmc_mck_set_division
 .text.pmc_switch_mck_to_pllack
                0x00401604       0x64 src/ASF/sam/drivers/pmc/pmc.o
                0x00401604                pmc_switch_mck_to_pllack
 .text.pmc_switch_mainck_to_xtal
                0x00401668       0x54 src/ASF/sam/drivers/pmc/pmc.o
                0x00401668                pmc_switch_mainck_to_xtal
 .text.pmc_osc_is_ready_mainck
                0x004016bc       0x10 src/ASF/sam/drivers/pmc/pmc.o
                0x004016bc                pmc_osc_is_ready_mainck
 .text.pmc_disable_pllack
                0x004016cc       0x10 src/ASF/sam/drivers/pmc/pmc.o
                0x004016cc                pmc_disable_pllack
 .text.pmc_is_locked_pllack
                0x004016dc       0x10 src/ASF/sam/drivers/pmc/pmc.o
                0x004016dc                pmc_is_locked_pllack
 .text.pmc_enable_periph_clk
                0x004016ec       0x54 src/ASF/sam/drivers/pmc/pmc.o
                0x004016ec                pmc_enable_periph_clk
 .text.pmc_set_flash_in_wait_mode
                0x00401740        0x2 src/ASF/sam/drivers/pmc/pmc.o
                0x00401740                pmc_set_flash_in_wait_mode
 *fill*         0x00401742        0x2 
 .text.pmc_enable_waitmode
                0x00401744       0x4c src/ASF/sam/drivers/pmc/pmc.o
                0x00401744                pmc_enable_waitmode
 .text.pmc_sleep
                0x00401790      0x274 src/ASF/sam/drivers/pmc/sleep.o
                0x00401790                pmc_sleep
 .text.Dummy_Handler
                0x00401a04        0x2 src/ASF/sam/utils/cmsis/same70/source/templates/gcc/startup_same70.o
                0x00401a04                DACC_Handler
                0x00401a04                DebugMon_Handler
                0x00401a04                UART3_Handler
                0x00401a04                UART2_Handler
                0x00401a04                TRNG_Handler
                0x00401a04                HardFault_Handler
                0x00401a04                AFEC1_Handler
                0x00401a04                NMI_Handler
                0x00401a04                TC7_Handler
                0x00401a04                QSPI_Handler
                0x00401a04                ISI_Handler
                0x00401a04                TC9_Handler
                0x00401a04                RSWDT_Handler
                0x00401a04                MCAN1_Handler
                0x00401a04                USART0_Handler
                0x00401a04                USBHS_Handler
                0x00401a04                UsageFault_Handler
                0x00401a04                TC6_Handler
                0x00401a04                WDT_Handler
                0x00401a04                TC4_Handler
                0x00401a04                HSMCI_Handler
                0x00401a04                UART1_Handler
                0x00401a04                TC3_Handler
                0x00401a04                Dummy_Handler
                0x00401a04                TWIHS1_Handler
                0x00401a04                XDMAC_Handler
                0x00401a04                UART4_Handler
                0x00401a04                PWM1_Handler
                0x00401a04                USART1_Handler
                0x00401a04                PWM0_Handler
                0x00401a04                AFEC0_Handler
                0x00401a04                SSC_Handler
                0x00401a04                TC11_Handler
                0x00401a04                ACC_Handler
                0x00401a04                PMC_Handler
                0x00401a04                GMAC_Handler
                0x00401a04                MemManage_Handler
                0x00401a04                SUPC_Handler
                0x00401a04                TC8_Handler
                0x00401a04                EFC_Handler
                0x00401a04                USART2_Handler
                0x00401a04                SDRAMC_Handler
                0x00401a04                SPI1_Handler
                0x00401a04                MCAN0_Handler
                0x00401a04                TC10_Handler
                0x00401a04                TWIHS2_Handler
                0x00401a04                UART0_Handler
                0x00401a04                BusFault_Handler
                0x00401a04                RSTC_Handler
                0x00401a04                TC0_Handler
                0x00401a04                TC5_Handler
                0x00401a04                ICM_Handler
                0x00401a04                AES_Handler
                0x00401a04                TWIHS0_Handler
                0x00401a04                SPI0_Handler
 *fill*         0x00401a06        0x2 
 .text.Reset_Handler
                0x00401a08       0xc8 src/ASF/sam/utils/cmsis/same70/source/templates/gcc/startup_same70.o
                0x00401a08                Reset_Handler
 .text.SystemCoreClockUpdate
                0x00401ad0      0x10c src/ASF/sam/utils/cmsis/same70/source/templates/system_same70.o
                0x00401ad0                SystemCoreClockUpdate
 .text.system_init_flash
                0x00401bdc       0x8c src/ASF/sam/utils/cmsis/same70/source/templates/system_same70.o
                0x00401bdc                system_init_flash
 .text._sbrk    0x00401c68       0x38 src/ASF/sam/utils/syscalls/gcc/syscalls.o
                0x00401c68                _sbrk
 .text.RTT_init
                0x00401ca0       0xb8 src/main.o
 .text.add_freq
                0x00401d58       0x64 src/main.o
                0x00401d58                add_freq
 .text.pin_toggle
                0x00401dbc       0x30 src/main.o
                0x00401dbc                pin_toggle
 .text.TC1_Handler
                0x00401dec       0x2c src/main.o
                0x00401dec                TC1_Handler
 .text.TC2_Handler
                0x00401e18       0x30 src/main.o
                0x00401e18                TC2_Handler
 .text.RTT_Handler
                0x00401e48       0x40 src/main.o
                0x00401e48                RTT_Handler
 .text.io_init  0x00401e88      0x114 src/main.o
                0x00401e88                io_init
 .text.TC_init  0x00401f9c       0xa8 src/main.o
                0x00401f9c                TC_init
 .text.RTC_init
                0x00402044       0xa4 src/main.o
                0x00402044                RTC_init
 .text.sla      0x004020e8       0x5c src/main.o
                0x004020e8                sla
 .text.RTC_Handler
                0x00402144       0x68 src/main.o
                0x00402144                RTC_Handler
 .text.main     0x004021ac       0xbc src/main.o
                0x004021ac                main
 .text.__libc_init_array
                0x00402268       0x50 c:/program files (x86)/atmel/studio/7.0/toolchain/arm/arm-gnu-toolchain/bin/../lib/gcc/arm-none-eabi/6.3.1/../../../../arm-none-eabi/lib/thumb/v7e-m\libc.a(lib_a-init.o)
                0x00402268                __libc_init_array
 .text          0x004022b8      0x134 c:/program files (x86)/atmel/studio/7.0/toolchain/arm/arm-gnu-toolchain/bin/../lib/gcc/arm-none-eabi/6.3.1/../../../../arm-none-eabi/lib/thumb/v7e-m\libc.a(lib_a-memcpy.o)
                0x004022b8                memcpy
 .text.memset   0x004023ec       0x9c c:/program files (x86)/atmel/studio/7.0/toolchain/arm/arm-gnu-toolchain/bin/../lib/gcc/arm-none-eabi/6.3.1/../../../../arm-none-eabi/lib/thumb/v7e-m\libc.a(lib_a-memset.o)
                0x004023ec                memset
 .text.sprintf  0x00402488       0x4c c:/program files (x86)/atmel/studio/7.0/toolchain/arm/arm-gnu-toolchain/bin/../lib/gcc/arm-none-eabi/6.3.1/../../../../arm-none-eabi/lib/thumb/v7e-m\libc.a(lib_a-sprintf.o)
                0x00402488                sprintf
 *fill*         0x004024d4       0x2c 
 .text          0x00402500       0xdc c:/program files (x86)/atmel/studio/7.0/toolchain/arm/arm-gnu-toolchain/bin/../lib/gcc/arm-none-eabi/6.3.1/../../../../arm-none-eabi/lib/thumb/v7e-m\libc.a(lib_a-strlen.o)
                0x00402500                strlen
 .text._svfprintf_r
                0x004025dc     0x145c c:/program files (x86)/atmel/studio/7.0/toolchain/arm/arm-gnu-toolchain/bin/../lib/gcc/arm-none-eabi/6.3.1/../../../../arm-none-eabi/lib/thumb/v7e-m\libc.a(lib_a-svfprintf.o)
                0x004025dc                _svfprintf_r
 .text.startup.register_fini
                0x00403a38       0x14 c:/program files (x86)/atmel/studio/7.0/toolchain/arm/arm-gnu-toolchain/bin/../lib/gcc/arm-none-eabi/6.3.1/../../../../arm-none-eabi/lib/thumb/v7e-m\libc.a(lib_a-__call_atexit.o)
 .text.atexit   0x00403a4c        0xc c:/program files (x86)/atmel/studio/7.0/toolchain/arm/arm-gnu-toolchain/bin/../lib/gcc/arm-none-eabi/6.3.1/../../../../arm-none-eabi/lib/thumb/v7e-m\libc.a(lib_a-atexit.o)
                0x00403a4c                atexit
 .text.quorem   0x00403a58      0x128 c:/program files (x86)/atmel/studio/7.0/toolchain/arm/arm-gnu-toolchain/bin/../lib/gcc/arm-none-eabi/6.3.1/../../../../arm-none-eabi/lib/thumb/v7e-m\libc.a(lib_a-dtoa.o)
 .text._dtoa_r  0x00403b80      0xe54 c:/program files (x86)/atmel/studio/7.0/toolchain/arm/arm-gnu-toolchain/bin/../lib/gcc/arm-none-eabi/6.3.1/../../../../arm-none-eabi/lib/thumb/v7e-m\libc.a(lib_a-dtoa.o)
                0x00403b80                _dtoa_r
 .text.__libc_fini_array
                0x004049d4       0x34 c:/program files (x86)/atmel/studio/7.0/toolchain/arm/arm-gnu-toolchain/bin/../lib/gcc/arm-none-eabi/6.3.1/../../../../arm-none-eabi/lib/thumb/v7e-m\libc.a(lib_a-fini.o)
                0x004049d4                __libc_fini_array
 .text._malloc_trim_r
                0x00404a08       0xa0 c:/program files (x86)/atmel/studio/7.0/toolchain/arm/arm-gnu-toolchain/bin/../lib/gcc/arm-none-eabi/6.3.1/../../../../arm-none-eabi/lib/thumb/v7e-m\libc.a(lib_a-freer.o)
                0x00404a08                _malloc_trim_r
 .text._free_r  0x00404aa8      0x1cc c:/program files (x86)/atmel/studio/7.0/toolchain/arm/arm-gnu-toolchain/bin/../lib/gcc/arm-none-eabi/6.3.1/../../../../arm-none-eabi/lib/thumb/v7e-m\libc.a(lib_a-freer.o)
                0x00404aa8                _free_r
 .text._localeconv_r
                0x00404c74       0x1c c:/program files (x86)/atmel/studio/7.0/toolchain/arm/arm-gnu-toolchain/bin/../lib/gcc/arm-none-eabi/6.3.1/../../../../arm-none-eabi/lib/thumb/v7e-m\libc.a(lib_a-localeconv.o)
                0x00404c74                _localeconv_r
 .text.__retarget_lock_acquire_recursive
                0x00404c90        0x4 c:/program files (x86)/atmel/studio/7.0/toolchain/arm/arm-gnu-toolchain/bin/../lib/gcc/arm-none-eabi/6.3.1/../../../../arm-none-eabi/lib/thumb/v7e-m\libc.a(lib_a-lock.o)
                0x00404c90                __retarget_lock_acquire_recursive
 .text.__retarget_lock_release_recursive
                0x00404c94        0x4 c:/program files (x86)/atmel/studio/7.0/toolchain/arm/arm-gnu-toolchain/bin/../lib/gcc/arm-none-eabi/6.3.1/../../../../arm-none-eabi/lib/thumb/v7e-m\libc.a(lib_a-lock.o)
                0x00404c94                __retarget_lock_release_recursive
 .text._malloc_r
                0x00404c98      0x560 c:/program files (x86)/atmel/studio/7.0/toolchain/arm/arm-gnu-toolchain/bin/../lib/gcc/arm-none-eabi/6.3.1/../../../../arm-none-eabi/lib/thumb/v7e-m\libc.a(lib_a-mallocr.o)
                0x00404c98                _malloc_r
 .text.__ascii_mbtowc
                0x004051f8       0x2c c:/program files (x86)/atmel/studio/7.0/toolchain/arm/arm-gnu-toolchain/bin/../lib/gcc/arm-none-eabi/6.3.1/../../../../arm-none-eabi/lib/thumb/v7e-m\libc.a(lib_a-mbtowc_r.o)
                0x004051f8                __ascii_mbtowc
 *fill*         0x00405224        0xc 
 .text          0x00405230       0xa0 c:/program files (x86)/atmel/studio/7.0/toolchain/arm/arm-gnu-toolchain/bin/../lib/gcc/arm-none-eabi/6.3.1/../../../../arm-none-eabi/lib/thumb/v7e-m\libc.a(lib_a-memchr.o)
                0x00405230                memchr
 .text.memmove  0x004052d0       0xc8 c:/program files (x86)/atmel/studio/7.0/toolchain/arm/arm-gnu-toolchain/bin/../lib/gcc/arm-none-eabi/6.3.1/../../../../arm-none-eabi/lib/thumb/v7e-m\libc.a(lib_a-memmove.o)
                0x004052d0                memmove
 .text.__malloc_lock
                0x00405398        0xc c:/program files (x86)/atmel/studio/7.0/toolchain/arm/arm-gnu-toolchain/bin/../lib/gcc/arm-none-eabi/6.3.1/../../../../arm-none-eabi/lib/thumb/v7e-m\libc.a(lib_a-mlock.o)
                0x00405398                __malloc_lock
 .text.__malloc_unlock
                0x004053a4        0xc c:/program files (x86)/atmel/studio/7.0/toolchain/arm/arm-gnu-toolchain/bin/../lib/gcc/arm-none-eabi/6.3.1/../../../../arm-none-eabi/lib/thumb/v7e-m\libc.a(lib_a-mlock.o)
                0x004053a4                __malloc_unlock
 .text._Balloc  0x004053b0       0x4c c:/program files (x86)/atmel/studio/7.0/toolchain/arm/arm-gnu-toolchain/bin/../lib/gcc/arm-none-eabi/6.3.1/../../../../arm-none-eabi/lib/thumb/v7e-m\libc.a(lib_a-mprec.o)
                0x004053b0                _Balloc
 .text._Bfree   0x004053fc       0x14 c:/program files (x86)/atmel/studio/7.0/toolchain/arm/arm-gnu-toolchain/bin/../lib/gcc/arm-none-eabi/6.3.1/../../../../arm-none-eabi/lib/thumb/v7e-m\libc.a(lib_a-mprec.o)
                0x004053fc                _Bfree
 .text.__multadd
                0x00405410       0x80 c:/program files (x86)/atmel/studio/7.0/toolchain/arm/arm-gnu-toolchain/bin/../lib/gcc/arm-none-eabi/6.3.1/../../../../arm-none-eabi/lib/thumb/v7e-m\libc.a(lib_a-mprec.o)
                0x00405410                __multadd
 .text.__hi0bits
                0x00405490       0x40 c:/program files (x86)/atmel/studio/7.0/toolchain/arm/arm-gnu-toolchain/bin/../lib/gcc/arm-none-eabi/6.3.1/../../../../arm-none-eabi/lib/thumb/v7e-m\libc.a(lib_a-mprec.o)
                0x00405490                __hi0bits
 .text.__lo0bits
                0x004054d0       0x60 c:/program files (x86)/atmel/studio/7.0/toolchain/arm/arm-gnu-toolchain/bin/../lib/gcc/arm-none-eabi/6.3.1/../../../../arm-none-eabi/lib/thumb/v7e-m\libc.a(lib_a-mprec.o)
                0x004054d0                __lo0bits
 .text.__i2b    0x00405530       0x14 c:/program files (x86)/atmel/studio/7.0/toolchain/arm/arm-gnu-toolchain/bin/../lib/gcc/arm-none-eabi/6.3.1/../../../../arm-none-eabi/lib/thumb/v7e-m\libc.a(lib_a-mprec.o)
                0x00405530                __i2b
 .text.__multiply
                0x00405544      0x124 c:/program files (x86)/atmel/studio/7.0/toolchain/arm/arm-gnu-toolchain/bin/../lib/gcc/arm-none-eabi/6.3.1/../../../../arm-none-eabi/lib/thumb/v7e-m\libc.a(lib_a-mprec.o)
                0x00405544                __multiply
 .text.__pow5mult
                0x00405668       0xa0 c:/program files (x86)/atmel/studio/7.0/toolchain/arm/arm-gnu-toolchain/bin/../lib/gcc/arm-none-eabi/6.3.1/../../../../arm-none-eabi/lib/thumb/v7e-m\libc.a(lib_a-mprec.o)
                0x00405668                __pow5mult
 .text.__lshift
                0x00405708       0xa4 c:/program files (x86)/atmel/studio/7.0/toolchain/arm/arm-gnu-toolchain/bin/../lib/gcc/arm-none-eabi/6.3.1/../../../../arm-none-eabi/lib/thumb/v7e-m\libc.a(lib_a-mprec.o)
                0x00405708                __lshift
 .text.__mcmp   0x004057ac       0x38 c:/program files (x86)/atmel/studio/7.0/toolchain/arm/arm-gnu-toolchain/bin/../lib/gcc/arm-none-eabi/6.3.1/../../../../arm-none-eabi/lib/thumb/v7e-m\libc.a(lib_a-mprec.o)
                0x004057ac                __mcmp
 .text.__mdiff  0x004057e4      0x108 c:/program files (x86)/atmel/studio/7.0/toolchain/arm/arm-gnu-toolchain/bin/../lib/gcc/arm-none-eabi/6.3.1/../../../../arm-none-eabi/lib/thumb/v7e-m\libc.a(lib_a-mprec.o)
                0x004057e4                __mdiff
 .text.__d2b    0x004058ec       0xb8 c:/program files (x86)/atmel/studio/7.0/toolchain/arm/arm-gnu-toolchain/bin/../lib/gcc/arm-none-eabi/6.3.1/../../../../arm-none-eabi/lib/thumb/v7e-m\libc.a(lib_a-mprec.o)
                0x004058ec                __d2b
 .text._realloc_r
                0x004059a4      0x34c c:/program files (x86)/atmel/studio/7.0/toolchain/arm/arm-gnu-toolchain/bin/../lib/gcc/arm-none-eabi/6.3.1/../../../../arm-none-eabi/lib/thumb/v7e-m\libc.a(lib_a-reallocr.o)
                0x004059a4                _realloc_r
 .text._sbrk_r  0x00405cf0       0x24 c:/program files (x86)/atmel/studio/7.0/toolchain/arm/arm-gnu-toolchain/bin/../lib/gcc/arm-none-eabi/6.3.1/../../../../arm-none-eabi/lib/thumb/v7e-m\libc.a(lib_a-sbrkr.o)
                0x00405cf0                _sbrk_r
 .text.__ssprint_r
                0x00405d14       0xfc c:/program files (x86)/atmel/studio/7.0/toolchain/arm/arm-gnu-toolchain/bin/../lib/gcc/arm-none-eabi/6.3.1/../../../../arm-none-eabi/lib/thumb/v7e-m\libc.a(lib_a-svfiprintf.o)
                0x00405d14                __ssprint_r
 .text.__ascii_wctomb
                0x00405e10       0x1c c:/program files (x86)/atmel/studio/7.0/toolchain/arm/arm-gnu-toolchain/bin/../lib/gcc/arm-none-eabi/6.3.1/../../../../arm-none-eabi/lib/thumb/v7e-m\libc.a(lib_a-wctomb_r.o)
                0x00405e10                __ascii_wctomb
 .text.__register_exitproc
                0x00405e2c       0xc4 c:/program files (x86)/atmel/studio/7.0/toolchain/arm/arm-gnu-toolchain/bin/../lib/gcc/arm-none-eabi/6.3.1/../../../../arm-none-eabi/lib/thumb/v7e-m\libc.a(lib_a-__atexit.o)
                0x00405e2c                __register_exitproc
 .text._calloc_r
                0x00405ef0       0x60 c:/program files (x86)/atmel/studio/7.0/toolchain/arm/arm-gnu-toolchain/bin/../lib/gcc/arm-none-eabi/6.3.1/../../../../arm-none-eabi/lib/thumb/v7e-m\libc.a(lib_a-callocr.o)
                0x00405ef0                _calloc_r
 .text          0x00405f50      0x370 c:/program files (x86)/atmel/studio/7.0/toolchain/arm/arm-gnu-toolchain/bin/../lib/gcc/arm-none-eabi/6.3.1/thumb/v7e-m\libgcc.a(_arm_addsubdf3.o)
                0x00405f50                __aeabi_drsub
                0x00405f58                __aeabi_dsub
                0x00405f58                __subdf3
                0x00405f5c                __aeabi_dadd
                0x00405f5c                __adddf3
                0x004061d4                __floatunsidf
                0x004061d4                __aeabi_ui2d
                0x004061f4                __floatsidf
                0x004061f4                __aeabi_i2d
                0x00406218                __aeabi_f2d
                0x00406218                __extendsfdf2
                0x00406254                __floatundidf
                0x00406254                __aeabi_ul2d
                0x00406264                __floatdidf
                0x00406264                __aeabi_l2d
 .text          0x004062c0      0x424 c:/program files (x86)/atmel/studio/7.0/toolchain/arm/arm-gnu-toolchain/bin/../lib/gcc/arm-none-eabi/6.3.1/thumb/v7e-m\libgcc.a(_arm_muldivdf3.o)
                0x004062c0                __aeabi_dmul
                0x004062c0                __muldf3
                0x00406514                __divdf3
                0x00406514                __aeabi_ddiv
 .text          0x004066e4      0x110 c:/program files (x86)/atmel/studio/7.0/toolchain/arm/arm-gnu-toolchain/bin/../lib/gcc/arm-none-eabi/6.3.1/thumb/v7e-m\libgcc.a(_arm_cmpdf2.o)
                0x004066e4                __gtdf2
                0x004066e4                __gedf2
                0x004066ec                __ltdf2
                0x004066ec                __ledf2
                0x004066f4                __nedf2
                0x004066f4                __eqdf2
                0x004066f4                __cmpdf2
                0x00406770                __aeabi_cdrcmple
                0x00406780                __aeabi_cdcmpeq
                0x00406780                __aeabi_cdcmple
                0x00406790                __aeabi_dcmpeq
                0x004067a4                __aeabi_dcmplt
                0x004067b8                __aeabi_dcmple
                0x004067cc                __aeabi_dcmpge
                0x004067e0                __aeabi_dcmpgt
 .text          0x004067f4       0x2c c:/program files (x86)/atmel/studio/7.0/toolchain/arm/arm-gnu-toolchain/bin/../lib/gcc/arm-none-eabi/6.3.1/thumb/v7e-m\libgcc.a(_arm_unorddf2.o)
                0x004067f4                __unorddf2
                0x004067f4                __aeabi_dcmpun
 .text          0x00406820       0x50 c:/program files (x86)/atmel/studio/7.0/toolchain/arm/arm-gnu-toolchain/bin/../lib/gcc/arm-none-eabi/6.3.1/thumb/v7e-m\libgcc.a(_arm_fixdfsi.o)
                0x00406820                __aeabi_d2iz
                0x00406820                __fixdfsi
 .text          0x00406870       0x30 c:/program files (x86)/atmel/studio/7.0/toolchain/arm/arm-gnu-toolchain/bin/../lib/gcc/arm-none-eabi/6.3.1/thumb/v7e-m\libgcc.a(_aeabi_uldivmod.o)
                0x00406870                __aeabi_uldivmod
 .text          0x004068a0      0x2dc c:/program files (x86)/atmel/studio/7.0/toolchain/arm/arm-gnu-toolchain/bin/../lib/gcc/arm-none-eabi/6.3.1/thumb/v7e-m\libgcc.a(_udivmoddi4.o)
                0x004068a0                __udivmoddi4
 .text          0x00406b7c        0x4 c:/program files (x86)/atmel/studio/7.0/toolchain/arm/arm-gnu-toolchain/bin/../lib/gcc/arm-none-eabi/6.3.1/thumb/v7e-m\libgcc.a(_dvmd_tls.o)
                0x00406b7c                __aeabi_idiv0
                0x00406b7c                __aeabi_ldiv0
 *(.glue_7t)
 .glue_7t       0x00406b80        0x0 linker stubs
 *(.glue_7)
 .glue_7        0x00406b80        0x0 linker stubs
 *(.rodata .rodata* .gnu.linkonce.r.*)
 .rodata.sysfont_glyphs
                0x00406b80      0xa48 src/oled/sysfont.o
 .rodata        0x004075c8       0x1c src/main.o
 .rodata.sla.str1.4
                0x004075e4        0xf src/main.o
 *fill*         0x004075f3        0x1 
 .rodata._global_impure_ptr
                0x004075f4        0x4 c:/program files (x86)/atmel/studio/7.0/toolchain/arm/arm-gnu-toolchain/bin/../lib/gcc/arm-none-eabi/6.3.1/../../../../arm-none-eabi/lib/thumb/v7e-m\libc.a(lib_a-impure.o)
                0x004075f4                _global_impure_ptr
 .rodata._svfprintf_r.str1.4
                0x004075f8       0x42 c:/program files (x86)/atmel/studio/7.0/toolchain/arm/arm-gnu-toolchain/bin/../lib/gcc/arm-none-eabi/6.3.1/../../../../arm-none-eabi/lib/thumb/v7e-m\libc.a(lib_a-svfprintf.o)
 *fill*         0x0040763a        0x2 
 .rodata.blanks.7223
                0x0040763c       0x10 c:/program files (x86)/atmel/studio/7.0/toolchain/arm/arm-gnu-toolchain/bin/../lib/gcc/arm-none-eabi/6.3.1/../../../../arm-none-eabi/lib/thumb/v7e-m\libc.a(lib_a-svfprintf.o)
 .rodata.zeroes.7224
                0x0040764c       0x10 c:/program files (x86)/atmel/studio/7.0/toolchain/arm/arm-gnu-toolchain/bin/../lib/gcc/arm-none-eabi/6.3.1/../../../../arm-none-eabi/lib/thumb/v7e-m\libc.a(lib_a-svfprintf.o)
 .rodata._dtoa_r.str1.4
                0x0040765c       0x10 c:/program files (x86)/atmel/studio/7.0/toolchain/arm/arm-gnu-toolchain/bin/../lib/gcc/arm-none-eabi/6.3.1/../../../../arm-none-eabi/lib/thumb/v7e-m\libc.a(lib_a-dtoa.o)
                                 0x12 (size before relaxing)
 .rodata._setlocale_r.str1.4
                0x0040766c        0xa c:/program files (x86)/atmel/studio/7.0/toolchain/arm/arm-gnu-toolchain/bin/../lib/gcc/arm-none-eabi/6.3.1/../../../../arm-none-eabi/lib/thumb/v7e-m\libc.a(lib_a-locale.o)
                                  0xd (size before relaxing)
 *fill*         0x00407676        0x2 
 .rodata.str1.4
                0x00407678        0x4 c:/program files (x86)/atmel/studio/7.0/toolchain/arm/arm-gnu-toolchain/bin/../lib/gcc/arm-none-eabi/6.3.1/../../../../arm-none-eabi/lib/thumb/v7e-m\libc.a(lib_a-locale.o)
                                  0x2 (size before relaxing)
 *fill*         0x0040767c        0x4 
 .rodata.__mprec_bigtens
                0x00407680       0x28 c:/program files (x86)/atmel/studio/7.0/toolchain/arm/arm-gnu-toolchain/bin/../lib/gcc/arm-none-eabi/6.3.1/../../../../arm-none-eabi/lib/thumb/v7e-m\libc.a(lib_a-mprec.o)
                0x00407680                __mprec_bigtens
 .rodata.__mprec_tens
                0x004076a8       0xc8 c:/program files (x86)/atmel/studio/7.0/toolchain/arm/arm-gnu-toolchain/bin/../lib/gcc/arm-none-eabi/6.3.1/../../../../arm-none-eabi/lib/thumb/v7e-m\libc.a(lib_a-mprec.o)
                0x004076a8                __mprec_tens
 .rodata.p05.6055
                0x00407770        0xc c:/program files (x86)/atmel/studio/7.0/toolchain/arm/arm-gnu-toolchain/bin/../lib/gcc/arm-none-eabi/6.3.1/../../../../arm-none-eabi/lib/thumb/v7e-m\libc.a(lib_a-mprec.o)
 .rodata._ctype_
                0x0040777c      0x101 c:/program files (x86)/atmel/studio/7.0/toolchain/arm/arm-gnu-toolchain/bin/../lib/gcc/arm-none-eabi/6.3.1/../../../../arm-none-eabi/lib/thumb/v7e-m\libc.a(lib_a-ctype_.o)
                0x0040777c                _ctype_
 *(.ARM.extab* .gnu.linkonce.armextab.*)
                0x00407880                . = ALIGN (0x4)
 *fill*         0x0040787d        0x3 
 *(.init)
 .init          0x00407880        0x4 c:/program files (x86)/atmel/studio/7.0/toolchain/arm/arm-gnu-toolchain/bin/../lib/gcc/arm-none-eabi/6.3.1/thumb/v7e-m/crti.o
                0x00407880                _init
 .init          0x00407884        0x8 c:/program files (x86)/atmel/studio/7.0/toolchain/arm/arm-gnu-toolchain/bin/../lib/gcc/arm-none-eabi/6.3.1/thumb/v7e-m/crtn.o
                0x0040788c                . = ALIGN (0x4)
                0x0040788c                __preinit_array_start = .
 *(.preinit_array)
                0x0040788c                __preinit_array_end = .
                0x0040788c                . = ALIGN (0x4)
                0x0040788c                __init_array_start = .
 *(SORT(.init_array.*))
 .init_array.00000
                0x0040788c        0x4 c:/program files (x86)/atmel/studio/7.0/toolchain/arm/arm-gnu-toolchain/bin/../lib/gcc/arm-none-eabi/6.3.1/../../../../arm-none-eabi/lib/thumb/v7e-m\libc.a(lib_a-__call_atexit.o)
 *(.init_array)
 .init_array    0x00407890        0x4 c:/program files (x86)/atmel/studio/7.0/toolchain/arm/arm-gnu-toolchain/bin/../lib/gcc/arm-none-eabi/6.3.1/thumb/v7e-m/crtbegin.o
                0x00407894                __init_array_end = .
                0x00407894                . = ALIGN (0x4)
 *crtbegin.o(.ctors)
 *(EXCLUDE_FILE(*crtend.o) .ctors)
 *(SORT(.ctors.*))
 *crtend.o(.ctors)
                0x00407894                . = ALIGN (0x4)
 *(.fini)
 .fini          0x00407894        0x4 c:/program files (x86)/atmel/studio/7.0/toolchain/arm/arm-gnu-toolchain/bin/../lib/gcc/arm-none-eabi/6.3.1/thumb/v7e-m/crti.o
                0x00407894                _fini
 .fini          0x00407898        0x8 c:/program files (x86)/atmel/studio/7.0/toolchain/arm/arm-gnu-toolchain/bin/../lib/gcc/arm-none-eabi/6.3.1/thumb/v7e-m/crtn.o
                0x004078a0                . = ALIGN (0x4)
                0x004078a0                __fini_array_start = .
 *(.fini_array)
 .fini_array    0x004078a0        0x4 c:/program files (x86)/atmel/studio/7.0/toolchain/arm/arm-gnu-toolchain/bin/../lib/gcc/arm-none-eabi/6.3.1/thumb/v7e-m/crtbegin.o
 *(SORT(.fini_array.*))
                0x004078a4                __fini_array_end = .
 *crtbegin.o(.dtors)
 *(EXCLUDE_FILE(*crtend.o) .dtors)
 *(SORT(.dtors.*))
 *crtend.o(.dtors)
                0x004078a4                . = ALIGN (0x4)
                0x004078a4                _efixed = .
                [!provide]                PROVIDE (__exidx_start, .)

.vfp11_veneer   0x004078a4        0x0
 .vfp11_veneer  0x004078a4        0x0 linker stubs

.v4_bx          0x004078a4        0x0
 .v4_bx         0x004078a4        0x0 linker stubs

.iplt           0x004078a4        0x0
 .iplt          0x004078a4        0x0 c:/program files (x86)/atmel/studio/7.0/toolchain/arm/arm-gnu-toolchain/bin/../lib/gcc/arm-none-eabi/6.3.1/thumb/v7e-m/crtbegin.o

.ARM.exidx      0x004078a4        0x8
 *(.ARM.exidx* .gnu.linkonce.armexidx.*)
 .ARM.exidx     0x004078a4        0x8 c:/program files (x86)/atmel/studio/7.0/toolchain/arm/arm-gnu-toolchain/bin/../lib/gcc/arm-none-eabi/6.3.1/thumb/v7e-m\libgcc.a(_udivmoddi4.o)
                [!provide]                PROVIDE (__exidx_end, .)

.eh_frame       0x004078ac        0x0
 .eh_frame      0x004078ac        0x0 c:/program files (x86)/atmel/studio/7.0/toolchain/arm/arm-gnu-toolchain/bin/../lib/gcc/arm-none-eabi/6.3.1/thumb/v7e-m/crtbegin.o

.rel.dyn        0x004078ac        0x0
 .rel.iplt      0x004078ac        0x0 c:/program files (x86)/atmel/studio/7.0/toolchain/arm/arm-gnu-toolchain/bin/../lib/gcc/arm-none-eabi/6.3.1/thumb/v7e-m/crtbegin.o

.jcr            0x004078ac        0x0
 .jcr           0x004078ac        0x0 c:/program files (x86)/atmel/studio/7.0/toolchain/arm/arm-gnu-toolchain/bin/../lib/gcc/arm-none-eabi/6.3.1/thumb/v7e-m/crtbegin.o

.igot.plt       0x004078ac        0x0
 .igot.plt      0x004078ac        0x0 c:/program files (x86)/atmel/studio/7.0/toolchain/arm/arm-gnu-toolchain/bin/../lib/gcc/arm-none-eabi/6.3.1/thumb/v7e-m/crtbegin.o
                0x004078ac                . = ALIGN (0x4)
                0x004078ac                _etext = .

.relocate       0x20400000      0x9d0 load address 0x004078ac
                0x20400000                . = ALIGN (0x4)
                0x20400000                _srelocate = .
 *(.ramfunc .ramfunc.*)
 .ramfunc       0x20400000        0xa src/ASF/common/services/delay/sam/cycle_counter.o
                0x20400000                portable_delay_cycles
 *(.data .data.*)
 *fill*         0x2040000a        0x2 
 .data.xNextTaskUnblockTime
                0x2040000c        0x4 src/ASF/thirdparty/freertos/freertos-7.3.0/source/tasks.o
 .data.sysfont  0x20400010        0xc src/oled/sysfont.o
                0x20400010                sysfont
 .data.g_interrupt_enabled
                0x2040001c        0x1 src/ASF/common/utils/interrupt/interrupt_sam_nvic.o
                0x2040001c                g_interrupt_enabled
 *fill*         0x2040001d        0x3 
 .data.SystemCoreClock
                0x20400020        0x4 src/ASF/sam/utils/cmsis/same70/source/templates/system_same70.o
                0x20400020                SystemCoreClock
 .data._impure_ptr
                0x20400024        0x4 c:/program files (x86)/atmel/studio/7.0/toolchain/arm/arm-gnu-toolchain/bin/../lib/gcc/arm-none-eabi/6.3.1/../../../../arm-none-eabi/lib/thumb/v7e-m\libc.a(lib_a-impure.o)
                0x20400024                _impure_ptr
 .data.impure_data
                0x20400028      0x428 c:/program files (x86)/atmel/studio/7.0/toolchain/arm/arm-gnu-toolchain/bin/../lib/gcc/arm-none-eabi/6.3.1/../../../../arm-none-eabi/lib/thumb/v7e-m\libc.a(lib_a-impure.o)
 .data.__atexit_recursive_mutex
                0x20400450        0x4 c:/program files (x86)/atmel/studio/7.0/toolchain/arm/arm-gnu-toolchain/bin/../lib/gcc/arm-none-eabi/6.3.1/../../../../arm-none-eabi/lib/thumb/v7e-m\libc.a(lib_a-__call_atexit.o)
                0x20400450                __atexit_recursive_mutex
 .data.__global_locale
                0x20400454      0x16c c:/program files (x86)/atmel/studio/7.0/toolchain/arm/arm-gnu-toolchain/bin/../lib/gcc/arm-none-eabi/6.3.1/../../../../arm-none-eabi/lib/thumb/v7e-m\libc.a(lib_a-locale.o)
                0x20400454                __global_locale
 .data.__malloc_av_
                0x204005c0      0x408 c:/program files (x86)/atmel/studio/7.0/toolchain/arm/arm-gnu-toolchain/bin/../lib/gcc/arm-none-eabi/6.3.1/../../../../arm-none-eabi/lib/thumb/v7e-m\libc.a(lib_a-mallocr.o)
                0x204005c0                __malloc_av_
 .data.__malloc_sbrk_base
                0x204009c8        0x4 c:/program files (x86)/atmel/studio/7.0/toolchain/arm/arm-gnu-toolchain/bin/../lib/gcc/arm-none-eabi/6.3.1/../../../../arm-none-eabi/lib/thumb/v7e-m\libc.a(lib_a-mallocr.o)
                0x204009c8                __malloc_sbrk_base
 .data.__malloc_trim_threshold
                0x204009cc        0x4 c:/program files (x86)/atmel/studio/7.0/toolchain/arm/arm-gnu-toolchain/bin/../lib/gcc/arm-none-eabi/6.3.1/../../../../arm-none-eabi/lib/thumb/v7e-m\libc.a(lib_a-mallocr.o)
                0x204009cc                __malloc_trim_threshold
                0x204009d0                . = ALIGN (0x4)
                0x204009d0                _erelocate = .

.bss            0x204009d0      0x388 load address 0x0040827c
                0x204009d0                . = ALIGN (0x4)
                0x204009d0                _sbss = .
                0x204009d0                _szero = .
 *(.bss .bss.*)
 .bss           0x204009d0       0x1c c:/program files (x86)/atmel/studio/7.0/toolchain/arm/arm-gnu-toolchain/bin/../lib/gcc/arm-none-eabi/6.3.1/thumb/v7e-m/crtbegin.o
 .bss.g_wobits_in_rtt_mr
                0x204009ec        0x4 src/ASF/sam/drivers/rtt/rtt.o
 .bss.pxCurrentTCB
                0x204009f0        0x4 src/ASF/thirdparty/freertos/freertos-7.3.0/source/tasks.o
                0x204009f0                pxCurrentTCB
 .bss.pxDelayedTaskList
                0x204009f4        0x4 src/ASF/thirdparty/freertos/freertos-7.3.0/source/tasks.o
 .bss.pxOverflowDelayedTaskList
                0x204009f8        0x4 src/ASF/thirdparty/freertos/freertos-7.3.0/source/tasks.o
 .bss.pxReadyTasksLists
                0x204009fc       0x64 src/ASF/thirdparty/freertos/freertos-7.3.0/source/tasks.o
 .bss.uxMissedTicks
                0x20400a60        0x4 src/ASF/thirdparty/freertos/freertos-7.3.0/source/tasks.o
 .bss.uxSchedulerSuspended
                0x20400a64        0x4 src/ASF/thirdparty/freertos/freertos-7.3.0/source/tasks.o
 .bss.uxTopReadyPriority
                0x20400a68        0x4 src/ASF/thirdparty/freertos/freertos-7.3.0/source/tasks.o
 .bss.xMissedYield
                0x20400a6c        0x4 src/ASF/thirdparty/freertos/freertos-7.3.0/source/tasks.o
 .bss.xNumOfOverflows
                0x20400a70        0x4 src/ASF/thirdparty/freertos/freertos-7.3.0/source/tasks.o
 .bss.xTickCount
                0x20400a74        0x4 src/ASF/thirdparty/freertos/freertos-7.3.0/source/tasks.o
 .bss.fbpointer
                0x20400a78        0x4 src/oled/gfx_mono_framebuffer.o
 .bss.framebuffer
                0x20400a7c      0x200 src/oled/gfx_mono_ug_2832hsweg04.o
 .bss.gs_interrupt_sources
                0x20400c7c       0x70 src/ASF/sam/drivers/pio/pio_handler.o
 .bss.gs_ul_nb_sources
                0x20400cec        0x4 src/ASF/sam/drivers/pio/pio_handler.o
 .bss.b_is_sleep_clock_used
                0x20400cf0        0x1 src/ASF/sam/drivers/pmc/sleep.o
 *fill*         0x20400cf1        0x3 
 .bss.callback_clocks_restored
                0x20400cf4        0x4 src/ASF/sam/drivers/pmc/sleep.o
 .bss.heap.6420
                0x20400cf8        0x4 src/ASF/sam/utils/syscalls/gcc/syscalls.o
 .bss.__malloc_current_mallinfo
                0x20400cfc       0x28 c:/program files (x86)/atmel/studio/7.0/toolchain/arm/arm-gnu-toolchain/bin/../lib/gcc/arm-none-eabi/6.3.1/../../../../arm-none-eabi/lib/thumb/v7e-m\libc.a(lib_a-mallocr.o)
                0x20400cfc                __malloc_current_mallinfo
 .bss.__malloc_max_sbrked_mem
                0x20400d24        0x4 c:/program files (x86)/atmel/studio/7.0/toolchain/arm/arm-gnu-toolchain/bin/../lib/gcc/arm-none-eabi/6.3.1/../../../../arm-none-eabi/lib/thumb/v7e-m\libc.a(lib_a-mallocr.o)
                0x20400d24                __malloc_max_sbrked_mem
 .bss.__malloc_max_total_mem
                0x20400d28        0x4 c:/program files (x86)/atmel/studio/7.0/toolchain/arm/arm-gnu-toolchain/bin/../lib/gcc/arm-none-eabi/6.3.1/../../../../arm-none-eabi/lib/thumb/v7e-m\libc.a(lib_a-mallocr.o)
                0x20400d28                __malloc_max_total_mem
 .bss.__malloc_top_pad
                0x20400d2c        0x4 c:/program files (x86)/atmel/studio/7.0/toolchain/arm/arm-gnu-toolchain/bin/../lib/gcc/arm-none-eabi/6.3.1/../../../../arm-none-eabi/lib/thumb/v7e-m\libc.a(lib_a-mallocr.o)
                0x20400d2c                __malloc_top_pad
 *(COMMON)
 COMMON         0x20400d30       0x21 c:/program files (x86)/atmel/studio/7.0/toolchain/arm/arm-gnu-toolchain/bin/../lib/gcc/arm-none-eabi/6.3.1/../../../../arm-none-eabi/lib/thumb/v7e-m\libc.a(lib_a-lock.o)
                0x20400d30                __lock___atexit_recursive_mutex
                0x20400d34                __lock___arc4random_mutex
                0x20400d38                __lock___env_recursive_mutex
                0x20400d3c                __lock___sinit_recursive_mutex
                0x20400d40                __lock___malloc_recursive_mutex
                0x20400d44                __lock___at_quick_exit_mutex
                0x20400d48                __lock___dd_hash_mutex
                0x20400d4c                __lock___tz_mutex
                0x20400d50                __lock___sfp_recursive_mutex
 *fill*         0x20400d51        0x3 
 COMMON         0x20400d54        0x4 c:/program files (x86)/atmel/studio/7.0/toolchain/arm/arm-gnu-toolchain/bin/../lib/gcc/arm-none-eabi/6.3.1/../../../../arm-none-eabi/lib/thumb/v7e-m\libc.a(lib_a-reent.o)
                0x20400d54                errno
                0x20400d58                . = ALIGN (0x4)
                0x20400d58                _ebss = .
                0x20400d58                _ezero = .

.stack          0x20400d58     0x2000 load address 0x00408604
                0x20400d58                . = ALIGN (0x8)
                0x20400d58                _sstack = .
                0x20402d58                . = (. + STACK_SIZE)
 *fill*         0x20400d58     0x2000 
                0x20402d58                . = ALIGN (0x8)
                0x20402d58                _estack = .

.heap           0x20402d58      0x200 load address 0x0040a604
                0x20402d58                . = ALIGN (0x8)
                0x20402d58                _sheap = .
                0x20402f58                . = (. + HEAP_SIZE)
 *fill*         0x20402d58      0x200 
                0x20402f58                . = ALIGN (0x8)
                0x20402f58                _eheap = .
                0x20402f58                . = ALIGN (0x4)
                0x20402f58                _end = .
                0x2045ffff                _ram_end_ = ((ORIGIN (ram) + LENGTH (ram)) - 0x1)
OUTPUT(OLED1.elf elf32-littlearm)

.ARM.attributes
                0x00000000       0x2e
 .ARM.attributes
                0x00000000       0x1e c:/program files (x86)/atmel/studio/7.0/toolchain/arm/arm-gnu-toolchain/bin/../lib/gcc/arm-none-eabi/6.3.1/thumb/v7e-m/crti.o
 .ARM.attributes
                0x0000001e       0x2e c:/program files (x86)/atmel/studio/7.0/toolchain/arm/arm-gnu-toolchain/bin/../lib/gcc/arm-none-eabi/6.3.1/thumb/v7e-m/crtbegin.o
 .ARM.attributes
                0x0000004c       0x37 src/ASF/sam/drivers/rtc/rtc.o
 .ARM.attributes
                0x00000083       0x37 src/ASF/sam/drivers/rtt/rtt.o
 .ARM.attributes
                0x000000ba       0x37 src/ASF/sam/drivers/spi/spi.o
 .ARM.attributes
                0x000000f1       0x37 src/ASF/sam/drivers/tc/tc.o
 .ARM.attributes
                0x00000128       0x37 src/ASF/thirdparty/freertos/freertos-7.3.0/source/list.o
 .ARM.attributes
                0x0000015f       0x37 src/ASF/thirdparty/freertos/freertos-7.3.0/source/portable/gcc/sam_cm4f/port.o
 .ARM.attributes
                0x00000196       0x37 src/ASF/thirdparty/freertos/freertos-7.3.0/source/tasks.o
 .ARM.attributes
                0x000001cd       0x37 src/oled/gfx_mono_framebuffer.o
 .ARM.attributes
                0x00000204       0x37 src/oled/gfx_mono_generic.o
 .ARM.attributes
                0x0000023b       0x37 src/oled/gfx_mono_text.o
 .ARM.attributes
                0x00000272       0x37 src/oled/gfx_mono_ug_2832hsweg04.o
 .ARM.attributes
                0x000002a9       0x37 src/oled/ssd1306.o
 .ARM.attributes
                0x000002e0       0x37 src/oled/sysfont.o
 .ARM.attributes
                0x00000317       0x37 src/ASF/common/services/delay/sam/cycle_counter.o
 .ARM.attributes
                0x0000034e       0x37 src/ASF/common/services/clock/same70/sysclk.o
 .ARM.attributes
                0x00000385       0x37 src/ASF/common/utils/interrupt/interrupt_sam_nvic.o
 .ARM.attributes
                0x000003bc       0x37 src/ASF/sam/boards/same70_xplained/init.o
 .ARM.attributes
                0x000003f3       0x37 src/ASF/sam/drivers/pio/pio.o
 .ARM.attributes
                0x0000042a       0x37 src/ASF/sam/drivers/pio/pio_handler.o
 .ARM.attributes
                0x00000461       0x37 src/ASF/sam/drivers/pmc/pmc.o
 .ARM.attributes
                0x00000498       0x37 src/ASF/sam/drivers/pmc/sleep.o
 .ARM.attributes
                0x000004cf       0x37 src/ASF/sam/utils/cmsis/same70/source/templates/gcc/startup_same70.o
 .ARM.attributes
                0x00000506       0x37 src/ASF/sam/utils/cmsis/same70/source/templates/system_same70.o
 .ARM.attributes
                0x0000053d       0x37 src/ASF/sam/utils/syscalls/gcc/syscalls.o
 .ARM.attributes
                0x00000574       0x37 src/main.o
 .ARM.attributes
                0x000005ab       0x2e c:/program files (x86)/atmel/studio/7.0/toolchain/arm/arm-gnu-toolchain/bin/../lib/gcc/arm-none-eabi/6.3.1/../../../../arm-none-eabi/lib/thumb/v7e-m\libc.a(lib_a-impure.o)
 .ARM.attributes
                0x000005d9       0x2e c:/program files (x86)/atmel/studio/7.0/toolchain/arm/arm-gnu-toolchain/bin/../lib/gcc/arm-none-eabi/6.3.1/../../../../arm-none-eabi/lib/thumb/v7e-m\libc.a(lib_a-init.o)
 .ARM.attributes
                0x00000607       0x1c c:/program files (x86)/atmel/studio/7.0/toolchain/arm/arm-gnu-toolchain/bin/../lib/gcc/arm-none-eabi/6.3.1/../../../../arm-none-eabi/lib/thumb/v7e-m\libc.a(lib_a-memcpy.o)
 .ARM.attributes
                0x00000623       0x2e c:/program files (x86)/atmel/studio/7.0/toolchain/arm/arm-gnu-toolchain/bin/../lib/gcc/arm-none-eabi/6.3.1/../../../../arm-none-eabi/lib/thumb/v7e-m\libc.a(lib_a-memset.o)
 .ARM.attributes
                0x00000651       0x2e c:/program files (x86)/atmel/studio/7.0/toolchain/arm/arm-gnu-toolchain/bin/../lib/gcc/arm-none-eabi/6.3.1/../../../../arm-none-eabi/lib/thumb/v7e-m\libc.a(lib_a-sprintf.o)
 .ARM.attributes
                0x0000067f       0x1c c:/program files (x86)/atmel/studio/7.0/toolchain/arm/arm-gnu-toolchain/bin/../lib/gcc/arm-none-eabi/6.3.1/../../../../arm-none-eabi/lib/thumb/v7e-m\libc.a(lib_a-strlen.o)
 .ARM.attributes
                0x0000069b       0x2e c:/program files (x86)/atmel/studio/7.0/toolchain/arm/arm-gnu-toolchain/bin/../lib/gcc/arm-none-eabi/6.3.1/../../../../arm-none-eabi/lib/thumb/v7e-m\libc.a(lib_a-svfprintf.o)
 .ARM.attributes
                0x000006c9       0x2e c:/program files (x86)/atmel/studio/7.0/toolchain/arm/arm-gnu-toolchain/bin/../lib/gcc/arm-none-eabi/6.3.1/../../../../arm-none-eabi/lib/thumb/v7e-m\libc.a(lib_a-__call_atexit.o)
 .ARM.attributes
                0x000006f7       0x2e c:/program files (x86)/atmel/studio/7.0/toolchain/arm/arm-gnu-toolchain/bin/../lib/gcc/arm-none-eabi/6.3.1/../../../../arm-none-eabi/lib/thumb/v7e-m\libc.a(lib_a-atexit.o)
 .ARM.attributes
                0x00000725       0x2e c:/program files (x86)/atmel/studio/7.0/toolchain/arm/arm-gnu-toolchain/bin/../lib/gcc/arm-none-eabi/6.3.1/../../../../arm-none-eabi/lib/thumb/v7e-m\libc.a(lib_a-dtoa.o)
 .ARM.attributes
                0x00000753       0x2e c:/program files (x86)/atmel/studio/7.0/toolchain/arm/arm-gnu-toolchain/bin/../lib/gcc/arm-none-eabi/6.3.1/../../../../arm-none-eabi/lib/thumb/v7e-m\libc.a(lib_a-fini.o)
 .ARM.attributes
                0x00000781       0x2e c:/program files (x86)/atmel/studio/7.0/toolchain/arm/arm-gnu-toolchain/bin/../lib/gcc/arm-none-eabi/6.3.1/../../../../arm-none-eabi/lib/thumb/v7e-m\libc.a(lib_a-freer.o)
 .ARM.attributes
                0x000007af       0x2e c:/program files (x86)/atmel/studio/7.0/toolchain/arm/arm-gnu-toolchain/bin/../lib/gcc/arm-none-eabi/6.3.1/../../../../arm-none-eabi/lib/thumb/v7e-m\libc.a(lib_a-locale.o)
 .ARM.attributes
                0x000007dd       0x2e c:/program files (x86)/atmel/studio/7.0/toolchain/arm/arm-gnu-toolchain/bin/../lib/gcc/arm-none-eabi/6.3.1/../../../../arm-none-eabi/lib/thumb/v7e-m\libc.a(lib_a-localeconv.o)
 .ARM.attributes
                0x0000080b       0x2e c:/program files (x86)/atmel/studio/7.0/toolchain/arm/arm-gnu-toolchain/bin/../lib/gcc/arm-none-eabi/6.3.1/../../../../arm-none-eabi/lib/thumb/v7e-m\libc.a(lib_a-lock.o)
 .ARM.attributes
                0x00000839       0x2e c:/program files (x86)/atmel/studio/7.0/toolchain/arm/arm-gnu-toolchain/bin/../lib/gcc/arm-none-eabi/6.3.1/../../../../arm-none-eabi/lib/thumb/v7e-m\libc.a(lib_a-mallocr.o)
 .ARM.attributes
                0x00000867       0x2e c:/program files (x86)/atmel/studio/7.0/toolchain/arm/arm-gnu-toolchain/bin/../lib/gcc/arm-none-eabi/6.3.1/../../../../arm-none-eabi/lib/thumb/v7e-m\libc.a(lib_a-mbtowc_r.o)
 .ARM.attributes
                0x00000895       0x1c c:/program files (x86)/atmel/studio/7.0/toolchain/arm/arm-gnu-toolchain/bin/../lib/gcc/arm-none-eabi/6.3.1/../../../../arm-none-eabi/lib/thumb/v7e-m\libc.a(lib_a-memchr.o)
 .ARM.attributes
                0x000008b1       0x2e c:/program files (x86)/atmel/studio/7.0/toolchain/arm/arm-gnu-toolchain/bin/../lib/gcc/arm-none-eabi/6.3.1/../../../../arm-none-eabi/lib/thumb/v7e-m\libc.a(lib_a-memmove.o)
 .ARM.attributes
                0x000008df       0x2e c:/program files (x86)/atmel/studio/7.0/toolchain/arm/arm-gnu-toolchain/bin/../lib/gcc/arm-none-eabi/6.3.1/../../../../arm-none-eabi/lib/thumb/v7e-m\libc.a(lib_a-mlock.o)
 .ARM.attributes
                0x0000090d       0x2e c:/program files (x86)/atmel/studio/7.0/toolchain/arm/arm-gnu-toolchain/bin/../lib/gcc/arm-none-eabi/6.3.1/../../../../arm-none-eabi/lib/thumb/v7e-m\libc.a(lib_a-mprec.o)
 .ARM.attributes
                0x0000093b       0x2e c:/program files (x86)/atmel/studio/7.0/toolchain/arm/arm-gnu-toolchain/bin/../lib/gcc/arm-none-eabi/6.3.1/../../../../arm-none-eabi/lib/thumb/v7e-m\libc.a(lib_a-reallocr.o)
 .ARM.attributes
                0x00000969       0x2e c:/program files (x86)/atmel/studio/7.0/toolchain/arm/arm-gnu-toolchain/bin/../lib/gcc/arm-none-eabi/6.3.1/../../../../arm-none-eabi/lib/thumb/v7e-m\libc.a(lib_a-sbrkr.o)
 .ARM.attributes
                0x00000997       0x2e c:/program files (x86)/atmel/studio/7.0/toolchain/arm/arm-gnu-toolchain/bin/../lib/gcc/arm-none-eabi/6.3.1/../../../../arm-none-eabi/lib/thumb/v7e-m\libc.a(lib_a-svfiprintf.o)
 .ARM.attributes
                0x000009c5       0x2e c:/program files (x86)/atmel/studio/7.0/toolchain/arm/arm-gnu-toolchain/bin/../lib/gcc/arm-none-eabi/6.3.1/../../../../arm-none-eabi/lib/thumb/v7e-m\libc.a(lib_a-wctomb_r.o)
 .ARM.attributes
                0x000009f3       0x2e c:/program files (x86)/atmel/studio/7.0/toolchain/arm/arm-gnu-toolchain/bin/../lib/gcc/arm-none-eabi/6.3.1/../../../../arm-none-eabi/lib/thumb/v7e-m\libc.a(lib_a-__atexit.o)
 .ARM.attributes
                0x00000a21       0x2e c:/program files (x86)/atmel/studio/7.0/toolchain/arm/arm-gnu-toolchain/bin/../lib/gcc/arm-none-eabi/6.3.1/../../../../arm-none-eabi/lib/thumb/v7e-m\libc.a(lib_a-callocr.o)
 .ARM.attributes
                0x00000a4f       0x2e c:/program files (x86)/atmel/studio/7.0/toolchain/arm/arm-gnu-toolchain/bin/../lib/gcc/arm-none-eabi/6.3.1/../../../../arm-none-eabi/lib/thumb/v7e-m\libc.a(lib_a-ctype_.o)
 .ARM.attributes
                0x00000a7d       0x2e c:/program files (x86)/atmel/studio/7.0/toolchain/arm/arm-gnu-toolchain/bin/../lib/gcc/arm-none-eabi/6.3.1/../../../../arm-none-eabi/lib/thumb/v7e-m\libc.a(lib_a-reent.o)
 .ARM.attributes
                0x00000aab       0x1e c:/program files (x86)/atmel/studio/7.0/toolchain/arm/arm-gnu-toolchain/bin/../lib/gcc/arm-none-eabi/6.3.1/thumb/v7e-m\libgcc.a(_arm_addsubdf3.o)
 .ARM.attributes
                0x00000ac9       0x1e c:/program files (x86)/atmel/studio/7.0/toolchain/arm/arm-gnu-toolchain/bin/../lib/gcc/arm-none-eabi/6.3.1/thumb/v7e-m\libgcc.a(_arm_muldivdf3.o)
 .ARM.attributes
                0x00000ae7       0x1e c:/program files (x86)/atmel/studio/7.0/toolchain/arm/arm-gnu-toolchain/bin/../lib/gcc/arm-none-eabi/6.3.1/thumb/v7e-m\libgcc.a(_arm_cmpdf2.o)
 .ARM.attributes
                0x00000b05       0x1e c:/program files (x86)/atmel/studio/7.0/toolchain/arm/arm-gnu-toolchain/bin/../lib/gcc/arm-none-eabi/6.3.1/thumb/v7e-m\libgcc.a(_arm_unorddf2.o)
 .ARM.attributes
                0x00000b23       0x1e c:/program files (x86)/atmel/studio/7.0/toolchain/arm/arm-gnu-toolchain/bin/../lib/gcc/arm-none-eabi/6.3.1/thumb/v7e-m\libgcc.a(_arm_fixdfsi.o)
 .ARM.attributes
                0x00000b41       0x1e c:/program files (x86)/atmel/studio/7.0/toolchain/arm/arm-gnu-toolchain/bin/../lib/gcc/arm-none-eabi/6.3.1/thumb/v7e-m\libgcc.a(_aeabi_uldivmod.o)
 .ARM.attributes
                0x00000b5f       0x2e c:/program files (x86)/atmel/studio/7.0/toolchain/arm/arm-gnu-toolchain/bin/../lib/gcc/arm-none-eabi/6.3.1/thumb/v7e-m\libgcc.a(_udivmoddi4.o)
 .ARM.attributes
                0x00000b8d       0x1e c:/program files (x86)/atmel/studio/7.0/toolchain/arm/arm-gnu-toolchain/bin/../lib/gcc/arm-none-eabi/6.3.1/thumb/v7e-m\libgcc.a(_dvmd_tls.o)
 .ARM.attributes
                0x00000bab       0x1e c:/program files (x86)/atmel/studio/7.0/toolchain/arm/arm-gnu-toolchain/bin/../lib/gcc/arm-none-eabi/6.3.1/thumb/v7e-m/crtn.o

.comment        0x00000000       0x59
 .comment       0x00000000       0x59 src/ASF/sam/drivers/rtc/rtc.o
                                 0x5a (size before relaxing)
 .comment       0x00000059       0x5a src/ASF/sam/drivers/rtt/rtt.o
 .comment       0x00000059       0x5a src/ASF/sam/drivers/spi/spi.o
 .comment       0x00000059       0x5a src/ASF/sam/drivers/tc/tc.o
 .comment       0x00000059       0x5a src/ASF/thirdparty/freertos/freertos-7.3.0/source/list.o
 .comment       0x00000059       0x5a src/ASF/thirdparty/freertos/freertos-7.3.0/source/portable/gcc/sam_cm4f/port.o
 .comment       0x00000059       0x5a src/ASF/thirdparty/freertos/freertos-7.3.0/source/tasks.o
 .comment       0x00000059       0x5a src/oled/gfx_mono_framebuffer.o
 .comment       0x00000059       0x5a src/oled/gfx_mono_generic.o
 .comment       0x00000059       0x5a src/oled/gfx_mono_text.o
 .comment       0x00000059       0x5a src/oled/gfx_mono_ug_2832hsweg04.o
 .comment       0x00000059       0x5a src/oled/ssd1306.o
 .comment       0x00000059       0x5a src/oled/sysfont.o
 .comment       0x00000059       0x5a src/ASF/common/services/delay/sam/cycle_counter.o
 .comment       0x00000059       0x5a src/ASF/common/services/clock/same70/sysclk.o
 .comment       0x00000059       0x5a src/ASF/common/utils/interrupt/interrupt_sam_nvic.o
 .comment       0x00000059       0x5a src/ASF/sam/boards/same70_xplained/init.o
 .comment       0x00000059       0x5a src/ASF/sam/drivers/pio/pio.o
 .comment       0x00000059       0x5a src/ASF/sam/drivers/pio/pio_handler.o
 .comment       0x00000059       0x5a src/ASF/sam/drivers/pmc/pmc.o
 .comment       0x00000059       0x5a src/ASF/sam/drivers/pmc/sleep.o
 .comment       0x00000059       0x5a src/ASF/sam/utils/cmsis/same70/source/templates/gcc/startup_same70.o
 .comment       0x00000059       0x5a src/ASF/sam/utils/cmsis/same70/source/templates/system_same70.o
 .comment       0x00000059       0x5a src/ASF/sam/utils/syscalls/gcc/syscalls.o
 .comment       0x00000059       0x5a src/main.o

.debug_info     0x00000000    0x1f5a2
 .debug_info    0x00000000     0x10f7 src/ASF/sam/drivers/rtc/rtc.o
 .debug_info    0x000010f7      0xcd1 src/ASF/sam/drivers/rtt/rtt.o
 .debug_info    0x00001dc8     0x115d src/ASF/sam/drivers/spi/spi.o
 .debug_info    0x00002f25     0x1233 src/ASF/sam/drivers/tc/tc.o
 .debug_info    0x00004158      0xbbd src/ASF/thirdparty/freertos/freertos-7.3.0/source/list.o
 .debug_info    0x00004d15      0xcdf src/ASF/thirdparty/freertos/freertos-7.3.0/source/portable/gcc/sam_cm4f/port.o
 .debug_info    0x000059f4     0x243b src/ASF/thirdparty/freertos/freertos-7.3.0/source/tasks.o
 .debug_info    0x00007e2f      0xdea src/oled/gfx_mono_framebuffer.o
 .debug_info    0x00008c19     0x1595 src/oled/gfx_mono_generic.o
 .debug_info    0x0000a1ae      0xf82 src/oled/gfx_mono_text.o
 .debug_info    0x0000b130     0x11b8 src/oled/gfx_mono_ug_2832hsweg04.o
 .debug_info    0x0000c2e8     0x1fc6 src/oled/ssd1306.o
 .debug_info    0x0000e2ae      0xb06 src/oled/sysfont.o
 .debug_info    0x0000edb4      0xa45 src/ASF/common/services/delay/sam/cycle_counter.o
 .debug_info    0x0000f7f9     0x1267 src/ASF/common/services/clock/same70/sysclk.o
 .debug_info    0x00010a60      0xb01 src/ASF/common/utils/interrupt/interrupt_sam_nvic.o
 .debug_info    0x00011561     0x1bd7 src/ASF/sam/boards/same70_xplained/init.o
 .debug_info    0x00013138     0x2150 src/ASF/sam/drivers/pio/pio.o
 .debug_info    0x00015288     0x1b22 src/ASF/sam/drivers/pio/pio_handler.o
 .debug_info    0x00016daa     0x1e0e src/ASF/sam/drivers/pmc/pmc.o
 .debug_info    0x00018bb8     0x165a src/ASF/sam/drivers/pmc/sleep.o
 .debug_info    0x0001a212     0x156a src/ASF/sam/utils/cmsis/same70/source/templates/gcc/startup_same70.o
 .debug_info    0x0001b77c      0x55b src/ASF/sam/utils/cmsis/same70/source/templates/system_same70.o
 .debug_info    0x0001bcd7      0xdb0 src/ASF/sam/utils/syscalls/gcc/syscalls.o
 .debug_info    0x0001ca87     0x2b1b src/main.o

.debug_abbrev   0x00000000     0x47be
 .debug_abbrev  0x00000000      0x2e3 src/ASF/sam/drivers/rtc/rtc.o
 .debug_abbrev  0x000002e3      0x256 src/ASF/sam/drivers/rtt/rtt.o
 .debug_abbrev  0x00000539      0x3a5 src/ASF/sam/drivers/spi/spi.o
 .debug_abbrev  0x000008de      0x293 src/ASF/sam/drivers/tc/tc.o
 .debug_abbrev  0x00000b71      0x221 src/ASF/thirdparty/freertos/freertos-7.3.0/source/list.o
 .debug_abbrev  0x00000d92      0x32b src/ASF/thirdparty/freertos/freertos-7.3.0/source/portable/gcc/sam_cm4f/port.o
 .debug_abbrev  0x000010bd      0x3a1 src/ASF/thirdparty/freertos/freertos-7.3.0/source/tasks.o
 .debug_abbrev  0x0000145e      0x289 src/oled/gfx_mono_framebuffer.o
 .debug_abbrev  0x000016e7      0x2a7 src/oled/gfx_mono_generic.o
 .debug_abbrev  0x0000198e      0x30f src/oled/gfx_mono_text.o
 .debug_abbrev  0x00001c9d      0x350 src/oled/gfx_mono_ug_2832hsweg04.o
 .debug_abbrev  0x00001fed      0x363 src/oled/ssd1306.o
 .debug_abbrev  0x00002350      0x1b6 src/oled/sysfont.o
 .debug_abbrev  0x00002506      0x1b3 src/ASF/common/services/delay/sam/cycle_counter.o
 .debug_abbrev  0x000026b9      0x31f src/ASF/common/services/clock/same70/sysclk.o
 .debug_abbrev  0x000029d8      0x212 src/ASF/common/utils/interrupt/interrupt_sam_nvic.o
 .debug_abbrev  0x00002bea      0x368 src/ASF/sam/boards/same70_xplained/init.o
 .debug_abbrev  0x00002f52      0x410 src/ASF/sam/drivers/pio/pio.o
 .debug_abbrev  0x00003362      0x32f src/ASF/sam/drivers/pio/pio_handler.o
 .debug_abbrev  0x00003691      0x369 src/ASF/sam/drivers/pmc/pmc.o
 .debug_abbrev  0x000039fa      0x32b src/ASF/sam/drivers/pmc/sleep.o
 .debug_abbrev  0x00003d25      0x2e4 src/ASF/sam/utils/cmsis/same70/source/templates/gcc/startup_same70.o
 .debug_abbrev  0x00004009      0x102 src/ASF/sam/utils/cmsis/same70/source/templates/system_same70.o
 .debug_abbrev  0x0000410b      0x264 src/ASF/sam/utils/syscalls/gcc/syscalls.o
 .debug_abbrev  0x0000436f      0x44f src/main.o

.debug_loc      0x00000000     0x821b
 .debug_loc     0x00000000      0x8d0 src/ASF/sam/drivers/rtc/rtc.o
 .debug_loc     0x000008d0      0x1c7 src/ASF/sam/drivers/rtt/rtt.o
 .debug_loc     0x00000a97      0x610 src/ASF/sam/drivers/spi/spi.o
 .debug_loc     0x000010a7      0x5a4 src/ASF/sam/drivers/tc/tc.o
 .debug_loc     0x0000164b       0xb3 src/ASF/thirdparty/freertos/freertos-7.3.0/source/list.o
 .debug_loc     0x000016fe      0x10e src/ASF/thirdparty/freertos/freertos-7.3.0/source/portable/gcc/sam_cm4f/port.o
 .debug_loc     0x0000180c     0x1565 src/ASF/thirdparty/freertos/freertos-7.3.0/source/tasks.o
 .debug_loc     0x00002d71      0x506 src/oled/gfx_mono_framebuffer.o
 .debug_loc     0x00003277      0xda8 src/oled/gfx_mono_generic.o
 .debug_loc     0x0000401f      0x66a src/oled/gfx_mono_text.o
 .debug_loc     0x00004689      0x6ee src/oled/gfx_mono_ug_2832hsweg04.o
 .debug_loc     0x00004d77      0x365 src/oled/ssd1306.o
 .debug_loc     0x000050dc      0x183 src/ASF/common/services/clock/same70/sysclk.o
 .debug_loc     0x0000525f      0x1e7 src/ASF/sam/boards/same70_xplained/init.o
 .debug_loc     0x00005446      0xea4 src/ASF/sam/drivers/pio/pio.o
 .debug_loc     0x000062ea      0x588 src/ASF/sam/drivers/pio/pio_handler.o
 .debug_loc     0x00006872      0xce3 src/ASF/sam/drivers/pmc/pmc.o
 .debug_loc     0x00007555      0x389 src/ASF/sam/drivers/pmc/sleep.o
 .debug_loc     0x000078de       0x77 src/ASF/sam/utils/cmsis/same70/source/templates/gcc/startup_same70.o
 .debug_loc     0x00007955       0xfd src/ASF/sam/utils/syscalls/gcc/syscalls.o
 .debug_loc     0x00007a52      0x7c9 src/main.o

.debug_aranges  0x00000000      0xc88
 .debug_aranges
                0x00000000       0xb8 src/ASF/sam/drivers/rtc/rtc.o
 .debug_aranges
                0x000000b8       0x60 src/ASF/sam/drivers/rtt/rtt.o
 .debug_aranges
                0x00000118       0x90 src/ASF/sam/drivers/spi/spi.o
 .debug_aranges
                0x000001a8       0xd0 src/ASF/sam/drivers/tc/tc.o
 .debug_aranges
                0x00000278       0x40 src/ASF/thirdparty/freertos/freertos-7.3.0/source/list.o
 .debug_aranges
                0x000002b8       0x88 src/ASF/thirdparty/freertos/freertos-7.3.0/source/portable/gcc/sam_cm4f/port.o
 .debug_aranges
                0x00000340      0x130 src/ASF/thirdparty/freertos/freertos-7.3.0/source/tasks.o
 .debug_aranges
                0x00000470       0x58 src/oled/gfx_mono_framebuffer.o
 .debug_aranges
                0x000004c8       0x58 src/oled/gfx_mono_generic.o
 .debug_aranges
                0x00000520       0x40 src/oled/gfx_mono_text.o
 .debug_aranges
                0x00000560       0x60 src/oled/gfx_mono_ug_2832hsweg04.o
 .debug_aranges
                0x000005c0       0x30 src/oled/ssd1306.o
 .debug_aranges
                0x000005f0       0x18 src/oled/sysfont.o
 .debug_aranges
                0x00000608       0x20 src/ASF/common/services/delay/sam/cycle_counter.o
 .debug_aranges
                0x00000628       0x40 src/ASF/common/services/clock/same70/sysclk.o
 .debug_aranges
                0x00000668       0x28 src/ASF/common/utils/interrupt/interrupt_sam_nvic.o
 .debug_aranges
                0x00000690       0x20 src/ASF/sam/boards/same70_xplained/init.o
 .debug_aranges
                0x000006b0      0x1a8 src/ASF/sam/drivers/pio/pio.o
 .debug_aranges
                0x00000858       0x60 src/ASF/sam/drivers/pio/pio_handler.o
 .debug_aranges
                0x000008b8      0x250 src/ASF/sam/drivers/pmc/pmc.o
 .debug_aranges
                0x00000b08       0x30 src/ASF/sam/drivers/pmc/sleep.o
 .debug_aranges
                0x00000b38       0x28 src/ASF/sam/utils/cmsis/same70/source/templates/gcc/startup_same70.o
 .debug_aranges
                0x00000b60       0x30 src/ASF/sam/utils/cmsis/same70/source/templates/system_same70.o
 .debug_aranges
                0x00000b90       0x60 src/ASF/sam/utils/syscalls/gcc/syscalls.o
 .debug_aranges
                0x00000bf0       0x98 src/main.o

.debug_ranges   0x00000000      0xd98
 .debug_ranges  0x00000000       0xa8 src/ASF/sam/drivers/rtc/rtc.o
 .debug_ranges  0x000000a8       0x50 src/ASF/sam/drivers/rtt/rtt.o
 .debug_ranges  0x000000f8       0x80 src/ASF/sam/drivers/spi/spi.o
 .debug_ranges  0x00000178       0xc0 src/ASF/sam/drivers/tc/tc.o
 .debug_ranges  0x00000238       0x30 src/ASF/thirdparty/freertos/freertos-7.3.0/source/list.o
 .debug_ranges  0x00000268       0x78 src/ASF/thirdparty/freertos/freertos-7.3.0/source/portable/gcc/sam_cm4f/port.o
 .debug_ranges  0x000002e0      0x200 src/ASF/thirdparty/freertos/freertos-7.3.0/source/tasks.o
 .debug_ranges  0x000004e0       0x48 src/oled/gfx_mono_framebuffer.o
 .debug_ranges  0x00000528       0x48 src/oled/gfx_mono_generic.o
 .debug_ranges  0x00000570       0x48 src/oled/gfx_mono_text.o
 .debug_ranges  0x000005b8       0x80 src/oled/gfx_mono_ug_2832hsweg04.o
 .debug_ranges  0x00000638       0x20 src/oled/ssd1306.o
 .debug_ranges  0x00000658       0x10 src/ASF/common/services/delay/sam/cycle_counter.o
 .debug_ranges  0x00000668       0x30 src/ASF/common/services/clock/same70/sysclk.o
 .debug_ranges  0x00000698       0x18 src/ASF/common/utils/interrupt/interrupt_sam_nvic.o
 .debug_ranges  0x000006b0       0x10 src/ASF/sam/boards/same70_xplained/init.o
 .debug_ranges  0x000006c0      0x2a0 src/ASF/sam/drivers/pio/pio.o
 .debug_ranges  0x00000960       0x68 src/ASF/sam/drivers/pio/pio_handler.o
 .debug_ranges  0x000009c8      0x240 src/ASF/sam/drivers/pmc/pmc.o
 .debug_ranges  0x00000c08       0x50 src/ASF/sam/drivers/pmc/sleep.o
 .debug_ranges  0x00000c58       0x18 src/ASF/sam/utils/cmsis/same70/source/templates/gcc/startup_same70.o
 .debug_ranges  0x00000c70       0x20 src/ASF/sam/utils/cmsis/same70/source/templates/system_same70.o
 .debug_ranges  0x00000c90       0x50 src/ASF/sam/utils/syscalls/gcc/syscalls.o
 .debug_ranges  0x00000ce0       0xb8 src/main.o

.debug_macro    0x00000000     0xc84f
 .debug_macro   0x00000000      0x678 src/ASF/sam/drivers/rtc/rtc.o
 .debug_macro   0x00000678      0x660 src/ASF/sam/drivers/rtt/rtt.o
 .debug_macro   0x00000cd8      0x6d9 src/ASF/sam/drivers/spi/spi.o
 .debug_macro   0x000013b1       0x10 src/ASF/sam/drivers/spi/spi.o
 .debug_macro   0x000013c1       0x3a src/ASF/sam/drivers/spi/spi.o
 .debug_macro   0x000013fb      0x2c6 src/ASF/sam/drivers/spi/spi.o
 .debug_macro   0x000016c1      0xa96 src/ASF/sam/drivers/spi/spi.o
 .debug_macro   0x00002157       0x70 src/ASF/sam/drivers/spi/spi.o
 .debug_macro   0x000021c7       0x64 src/ASF/sam/drivers/spi/spi.o
 .debug_macro   0x0000222b       0x5f src/ASF/sam/drivers/spi/spi.o
 .debug_macro   0x0000228a       0xac src/ASF/sam/drivers/spi/spi.o
 .debug_macro   0x00002336      0x66d src/ASF/sam/drivers/tc/tc.o
 .debug_macro   0x000029a3       0x52 src/ASF/sam/drivers/tc/tc.o
 .debug_macro   0x000029f5       0x8d src/ASF/sam/drivers/tc/tc.o
 .debug_macro   0x00002a82       0x16 src/ASF/sam/drivers/tc/tc.o
 .debug_macro   0x00002a98       0x57 src/ASF/sam/drivers/tc/tc.o
 .debug_macro   0x00002aef       0x1c src/ASF/sam/drivers/tc/tc.o
 .debug_macro   0x00002b0b      0x17f src/ASF/thirdparty/freertos/freertos-7.3.0/source/list.o
 .debug_macro   0x00002c8a      0x10e src/ASF/thirdparty/freertos/freertos-7.3.0/source/list.o
 .debug_macro   0x00002d98       0x86 src/ASF/thirdparty/freertos/freertos-7.3.0/source/list.o
 .debug_macro   0x00002e1e       0xf9 src/ASF/thirdparty/freertos/freertos-7.3.0/source/list.o
 .debug_macro   0x00002f17      0x7ba src/ASF/thirdparty/freertos/freertos-7.3.0/source/portable/gcc/sam_cm4f/port.o
 .debug_macro   0x000036d1       0x50 src/ASF/thirdparty/freertos/freertos-7.3.0/source/portable/gcc/sam_cm4f/port.o
 .debug_macro   0x00003721      0x2c0 src/ASF/thirdparty/freertos/freertos-7.3.0/source/portable/gcc/sam_cm4f/port.o
 .debug_macro   0x000039e1      0x2ee src/ASF/thirdparty/freertos/freertos-7.3.0/source/tasks.o
 .debug_macro   0x00003ccf       0x97 src/ASF/thirdparty/freertos/freertos-7.3.0/source/tasks.o
 .debug_macro   0x00003d66       0xf6 src/ASF/thirdparty/freertos/freertos-7.3.0/source/tasks.o
 .debug_macro   0x00003e5c       0x5b src/ASF/thirdparty/freertos/freertos-7.3.0/source/tasks.o
 .debug_macro   0x00003eb7       0x16 src/ASF/thirdparty/freertos/freertos-7.3.0/source/tasks.o
 .debug_macro   0x00003ecd      0x8de src/oled/gfx_mono_framebuffer.o
 .debug_macro   0x000047ab       0x22 src/oled/gfx_mono_framebuffer.o
 .debug_macro   0x000047cd       0x7b src/oled/gfx_mono_framebuffer.o
 .debug_macro   0x00004848       0x28 src/oled/gfx_mono_framebuffer.o
 .debug_macro   0x00004870       0x23 src/oled/gfx_mono_framebuffer.o
 .debug_macro   0x00004893       0xff src/oled/gfx_mono_framebuffer.o
 .debug_macro   0x00004992       0x43 src/oled/gfx_mono_framebuffer.o
 .debug_macro   0x000049d5       0x77 src/oled/gfx_mono_framebuffer.o
 .debug_macro   0x00004a4c       0x5d src/oled/gfx_mono_framebuffer.o
 .debug_macro   0x00004aa9       0x94 src/oled/gfx_mono_framebuffer.o
 .debug_macro   0x00004b3d       0x40 src/oled/gfx_mono_framebuffer.o
 .debug_macro   0x00004b7d       0x88 src/oled/gfx_mono_framebuffer.o
 .debug_macro   0x00004c05      0x1ce src/oled/gfx_mono_framebuffer.o
 .debug_macro   0x00004dd3       0x16 src/oled/gfx_mono_framebuffer.o
 .debug_macro   0x00004de9       0x1c src/oled/gfx_mono_framebuffer.o
 .debug_macro   0x00004e05       0x16 src/oled/gfx_mono_framebuffer.o
 .debug_macro   0x00004e1b       0x28 src/oled/gfx_mono_framebuffer.o
 .debug_macro   0x00004e43       0xd1 src/oled/gfx_mono_framebuffer.o
 .debug_macro   0x00004f14       0x8b src/oled/gfx_mono_framebuffer.o
 .debug_macro   0x00004f9f      0x8de src/oled/gfx_mono_generic.o
 .debug_macro   0x0000587d      0x8f7 src/oled/gfx_mono_text.o
 .debug_macro   0x00006174      0x8e3 src/oled/gfx_mono_ug_2832hsweg04.o
 .debug_macro   0x00006a57       0x28 src/oled/gfx_mono_ug_2832hsweg04.o
 .debug_macro   0x00006a7f      0x8b8 src/oled/ssd1306.o
 .debug_macro   0x00007337      0x69c src/oled/sysfont.o
 .debug_macro   0x000079d3       0x3a src/oled/sysfont.o
 .debug_macro   0x00007a0d      0x665 src/ASF/common/services/delay/sam/cycle_counter.o
 .debug_macro   0x00008072       0x22 src/ASF/common/services/delay/sam/cycle_counter.o
 .debug_macro   0x00008094      0x6d1 src/ASF/common/services/clock/same70/sysclk.o
 .debug_macro   0x00008765      0x655 src/ASF/common/utils/interrupt/interrupt_sam_nvic.o
 .debug_macro   0x00008dba      0x70b src/ASF/sam/boards/same70_xplained/init.o
 .debug_macro   0x000094c5       0x82 src/ASF/sam/boards/same70_xplained/init.o
 .debug_macro   0x00009547      0x66b src/ASF/sam/drivers/pio/pio.o
 .debug_macro   0x00009bb2       0x8e src/ASF/sam/drivers/pio/pio.o
 .debug_macro   0x00009c40      0x676 src/ASF/sam/drivers/pio/pio_handler.o
 .debug_macro   0x0000a2b6      0x66b src/ASF/sam/drivers/pmc/pmc.o
 .debug_macro   0x0000a921       0x6a src/ASF/sam/drivers/pmc/pmc.o
 .debug_macro   0x0000a98b      0x684 src/ASF/sam/drivers/pmc/sleep.o
 .debug_macro   0x0000b00f      0x664 src/ASF/sam/utils/cmsis/same70/source/templates/gcc/startup_same70.o
 .debug_macro   0x0000b673       0x10 src/ASF/sam/utils/cmsis/same70/source/templates/gcc/startup_same70.o
 .debug_macro   0x0000b683      0x455 src/ASF/sam/utils/cmsis/same70/source/templates/system_same70.o
 .debug_macro   0x0000bad8      0x1d6 src/ASF/sam/utils/syscalls/gcc/syscalls.o
 .debug_macro   0x0000bcae       0x4c src/ASF/sam/utils/syscalls/gcc/syscalls.o
 .debug_macro   0x0000bcfa       0x16 src/ASF/sam/utils/syscalls/gcc/syscalls.o
 .debug_macro   0x0000bd10       0x10 src/ASF/sam/utils/syscalls/gcc/syscalls.o
 .debug_macro   0x0000bd20       0x10 src/ASF/sam/utils/syscalls/gcc/syscalls.o
 .debug_macro   0x0000bd30       0x35 src/ASF/sam/utils/syscalls/gcc/syscalls.o
 .debug_macro   0x0000bd65      0x122 src/ASF/sam/utils/syscalls/gcc/syscalls.o
 .debug_macro   0x0000be87      0x9c8 src/main.o

.debug_line     0x00000000    0x13055
 .debug_line    0x00000000      0xbe4 src/ASF/sam/drivers/rtc/rtc.o
 .debug_line    0x00000be4      0xa72 src/ASF/sam/drivers/rtt/rtt.o
 .debug_line    0x00001656      0xc41 src/ASF/sam/drivers/spi/spi.o
 .debug_line    0x00002297      0xb85 src/ASF/sam/drivers/tc/tc.o
 .debug_line    0x00002e1c      0x46e src/ASF/thirdparty/freertos/freertos-7.3.0/source/list.o
 .debug_line    0x0000328a      0xcd2 src/ASF/thirdparty/freertos/freertos-7.3.0/source/portable/gcc/sam_cm4f/port.o
 .debug_line    0x00003f5c      0xb98 src/ASF/thirdparty/freertos/freertos-7.3.0/source/tasks.o
 .debug_line    0x00004af4     0x1051 src/oled/gfx_mono_framebuffer.o
 .debug_line    0x00005b45     0x1105 src/oled/gfx_mono_generic.o
 .debug_line    0x00006c4a     0x105f src/oled/gfx_mono_text.o
 .debug_line    0x00007ca9     0x10d9 src/oled/gfx_mono_ug_2832hsweg04.o
 .debug_line    0x00008d82     0x102e src/oled/ssd1306.o
 .debug_line    0x00009db0      0xa1b src/oled/sysfont.o
 .debug_line    0x0000a7cb      0x9ed src/ASF/common/services/delay/sam/cycle_counter.o
 .debug_line    0x0000b1b8      0xb4f src/ASF/common/services/clock/same70/sysclk.o
 .debug_line    0x0000bd07      0xa01 src/ASF/common/utils/interrupt/interrupt_sam_nvic.o
 .debug_line    0x0000c708      0xc04 src/ASF/sam/boards/same70_xplained/init.o
 .debug_line    0x0000d30c      0xee3 src/ASF/sam/drivers/pio/pio.o
 .debug_line    0x0000e1ef      0xabf src/ASF/sam/drivers/pio/pio_handler.o
 .debug_line    0x0000ecae     0x106b src/ASF/sam/drivers/pmc/pmc.o
 .debug_line    0x0000fd19      0xb4c src/ASF/sam/drivers/pmc/sleep.o
 .debug_line    0x00010865      0xa73 src/ASF/sam/utils/cmsis/same70/source/templates/gcc/startup_same70.o
 .debug_line    0x000112d8      0x7e9 src/ASF/sam/utils/cmsis/same70/source/templates/system_same70.o
 .debug_line    0x00011ac1      0x40b src/ASF/sam/utils/syscalls/gcc/syscalls.o
 .debug_line    0x00011ecc     0x1189 src/main.o

.debug_str      0x00000000    0x958b6
 .debug_str     0x00000000    0x81bb6 src/ASF/sam/drivers/rtc/rtc.o
                              0x82287 (size before relaxing)
 .debug_str     0x00081bb6      0x132 src/ASF/sam/drivers/rtt/rtt.o
                              0x8204a (size before relaxing)
 .debug_str     0x00081ce8     0x4607 src/ASF/sam/drivers/spi/spi.o
                              0x8655f (size before relaxing)
 .debug_str     0x000862ef      0x2fc src/ASF/sam/drivers/tc/tc.o
                              0x822a8 (size before relaxing)
 .debug_str     0x000865eb     0x1b69 src/ASF/thirdparty/freertos/freertos-7.3.0/source/list.o
                               0x812d (size before relaxing)
 .debug_str     0x00088154      0x948 src/ASF/thirdparty/freertos/freertos-7.3.0/source/portable/gcc/sam_cm4f/port.o
                              0x88470 (size before relaxing)
 .debug_str     0x00088a9c     0x153e src/ASF/thirdparty/freertos/freertos-7.3.0/source/tasks.o
                               0xabc8 (size before relaxing)
 .debug_str     0x00089fda     0x40ee src/oled/gfx_mono_framebuffer.o
                              0x8c587 (size before relaxing)
 .debug_str     0x0008e0c8      0x25c src/oled/gfx_mono_generic.o
                              0x8c6cb (size before relaxing)
 .debug_str     0x0008e324      0x1f0 src/oled/gfx_mono_text.o
                              0x8c6a6 (size before relaxing)
 .debug_str     0x0008e514      0x11c src/oled/gfx_mono_ug_2832hsweg04.o
                              0x8c667 (size before relaxing)
 .debug_str     0x0008e630      0x570 src/oled/ssd1306.o
                              0x8c29f (size before relaxing)
 .debug_str     0x0008eba0     0x3ee1 src/oled/sysfont.o
                              0x86191 (size before relaxing)
 .debug_str     0x00092a81       0x35 src/ASF/common/services/delay/sam/cycle_counter.o
                              0x820c5 (size before relaxing)
 .debug_str     0x00092ab6      0x3f1 src/ASF/common/services/clock/same70/sysclk.o
                              0x865e3 (size before relaxing)
 .debug_str     0x00092ea7       0x94 src/ASF/common/utils/interrupt/interrupt_sam_nvic.o
                              0x81f95 (size before relaxing)
 .debug_str     0x00092f3b      0x4f4 src/ASF/sam/boards/same70_xplained/init.o
                              0x870d3 (size before relaxing)
 .debug_str     0x0009342f      0x559 src/ASF/sam/drivers/pio/pio.o
                              0x82aeb (size before relaxing)
 .debug_str     0x00093988      0x437 src/ASF/sam/drivers/pio/pio_handler.o
                              0x82c0d (size before relaxing)
 .debug_str     0x00093dbf      0x68e src/ASF/sam/drivers/pmc/pmc.o
                              0x82c4f (size before relaxing)
 .debug_str     0x0009444d      0x16e src/ASF/sam/drivers/pmc/sleep.o
                              0x85f0e (size before relaxing)
 .debug_str     0x000945bb      0x64c src/ASF/sam/utils/cmsis/same70/source/templates/gcc/startup_same70.o
                              0x82762 (size before relaxing)
 .debug_str     0x00094c07      0x137 src/ASF/sam/utils/cmsis/same70/source/templates/system_same70.o
                              0x7286e (size before relaxing)
 .debug_str     0x00094d3e      0x76d src/ASF/sam/utils/syscalls/gcc/syscalls.o
                               0x749f (size before relaxing)
 .debug_str     0x000954ab      0x40b src/main.o
                              0x913fc (size before relaxing)

.debug_frame    0x00000000     0x28d8
 .debug_frame   0x00000000      0x1b0 src/ASF/sam/drivers/rtc/rtc.o
 .debug_frame   0x000001b0       0xac src/ASF/sam/drivers/rtt/rtt.o
 .debug_frame   0x0000025c      0x140 src/ASF/sam/drivers/spi/spi.o
 .debug_frame   0x0000039c      0x1a8 src/ASF/sam/drivers/tc/tc.o
 .debug_frame   0x00000544       0x6c src/ASF/thirdparty/freertos/freertos-7.3.0/source/list.o
 .debug_frame   0x000005b0      0x110 src/ASF/thirdparty/freertos/freertos-7.3.0/source/portable/gcc/sam_cm4f/port.o
 .debug_frame   0x000006c0      0x3d4 src/ASF/thirdparty/freertos/freertos-7.3.0/source/tasks.o
 .debug_frame   0x00000a94       0xdc src/oled/gfx_mono_framebuffer.o
 .debug_frame   0x00000b70      0x168 src/oled/gfx_mono_generic.o
 .debug_frame   0x00000cd8       0xc8 src/oled/gfx_mono_text.o
 .debug_frame   0x00000da0      0x124 src/oled/gfx_mono_ug_2832hsweg04.o
 .debug_frame   0x00000ec4       0x6c src/oled/ssd1306.o
 .debug_frame   0x00000f30       0x20 src/ASF/common/services/delay/sam/cycle_counter.o
 .debug_frame   0x00000f50       0x88 src/ASF/common/services/clock/same70/sysclk.o
 .debug_frame   0x00000fd8       0x30 src/ASF/common/utils/interrupt/interrupt_sam_nvic.o
 .debug_frame   0x00001008       0x30 src/ASF/sam/boards/same70_xplained/init.o
 .debug_frame   0x00001038      0x390 src/ASF/sam/drivers/pio/pio.o
 .debug_frame   0x000013c8      0x110 src/ASF/sam/drivers/pio/pio_handler.o
 .debug_frame   0x000014d8      0x494 src/ASF/sam/drivers/pmc/pmc.o
 .debug_frame   0x0000196c       0x5c src/ASF/sam/drivers/pmc/sleep.o
 .debug_frame   0x000019c8       0x38 src/ASF/sam/utils/cmsis/same70/source/templates/gcc/startup_same70.o
 .debug_frame   0x00001a00       0x40 src/ASF/sam/utils/cmsis/same70/source/templates/system_same70.o
 .debug_frame   0x00001a40       0xa0 src/ASF/sam/utils/syscalls/gcc/syscalls.o
 .debug_frame   0x00001ae0      0x20c src/main.o
 .debug_frame   0x00001cec       0x2c c:/program files (x86)/atmel/studio/7.0/toolchain/arm/arm-gnu-toolchain/bin/../lib/gcc/arm-none-eabi/6.3.1/../../../../arm-none-eabi/lib/thumb/v7e-m\libc.a(lib_a-init.o)
 .debug_frame   0x00001d18       0x34 c:/program files (x86)/atmel/studio/7.0/toolchain/arm/arm-gnu-toolchain/bin/../lib/gcc/arm-none-eabi/6.3.1/../../../../arm-none-eabi/lib/thumb/v7e-m\libc.a(lib_a-memset.o)
 .debug_frame   0x00001d4c       0x84 c:/program files (x86)/atmel/studio/7.0/toolchain/arm/arm-gnu-toolchain/bin/../lib/gcc/arm-none-eabi/6.3.1/../../../../arm-none-eabi/lib/thumb/v7e-m\libc.a(lib_a-sprintf.o)
 .debug_frame   0x00001dd0       0x40 c:/program files (x86)/atmel/studio/7.0/toolchain/arm/arm-gnu-toolchain/bin/../lib/gcc/arm-none-eabi/6.3.1/../../../../arm-none-eabi/lib/thumb/v7e-m\libc.a(lib_a-svfprintf.o)
 .debug_frame   0x00001e10       0x5c c:/program files (x86)/atmel/studio/7.0/toolchain/arm/arm-gnu-toolchain/bin/../lib/gcc/arm-none-eabi/6.3.1/../../../../arm-none-eabi/lib/thumb/v7e-m\libc.a(lib_a-__call_atexit.o)
 .debug_frame   0x00001e6c       0x20 c:/program files (x86)/atmel/studio/7.0/toolchain/arm/arm-gnu-toolchain/bin/../lib/gcc/arm-none-eabi/6.3.1/../../../../arm-none-eabi/lib/thumb/v7e-m\libc.a(lib_a-atexit.o)
 .debug_frame   0x00001e8c       0x88 c:/program files (x86)/atmel/studio/7.0/toolchain/arm/arm-gnu-toolchain/bin/../lib/gcc/arm-none-eabi/6.3.1/../../../../arm-none-eabi/lib/thumb/v7e-m\libc.a(lib_a-dtoa.o)
 .debug_frame   0x00001f14       0x34 c:/program files (x86)/atmel/studio/7.0/toolchain/arm/arm-gnu-toolchain/bin/../lib/gcc/arm-none-eabi/6.3.1/../../../../arm-none-eabi/lib/thumb/v7e-m\libc.a(lib_a-fini.o)
 .debug_frame   0x00001f48       0x74 c:/program files (x86)/atmel/studio/7.0/toolchain/arm/arm-gnu-toolchain/bin/../lib/gcc/arm-none-eabi/6.3.1/../../../../arm-none-eabi/lib/thumb/v7e-m\libc.a(lib_a-freer.o)
 .debug_frame   0x00001fbc       0x6c c:/program files (x86)/atmel/studio/7.0/toolchain/arm/arm-gnu-toolchain/bin/../lib/gcc/arm-none-eabi/6.3.1/../../../../arm-none-eabi/lib/thumb/v7e-m\libc.a(lib_a-locale.o)
 .debug_frame   0x00002028       0x40 c:/program files (x86)/atmel/studio/7.0/toolchain/arm/arm-gnu-toolchain/bin/../lib/gcc/arm-none-eabi/6.3.1/../../../../arm-none-eabi/lib/thumb/v7e-m\libc.a(lib_a-localeconv.o)
 .debug_frame   0x00002068       0xb0 c:/program files (x86)/atmel/studio/7.0/toolchain/arm/arm-gnu-toolchain/bin/../lib/gcc/arm-none-eabi/6.3.1/../../../../arm-none-eabi/lib/thumb/v7e-m\libc.a(lib_a-lock.o)
 .debug_frame   0x00002118       0x58 c:/program files (x86)/atmel/studio/7.0/toolchain/arm/arm-gnu-toolchain/bin/../lib/gcc/arm-none-eabi/6.3.1/../../../../arm-none-eabi/lib/thumb/v7e-m\libc.a(lib_a-mallocr.o)
 .debug_frame   0x00002170       0x4c c:/program files (x86)/atmel/studio/7.0/toolchain/arm/arm-gnu-toolchain/bin/../lib/gcc/arm-none-eabi/6.3.1/../../../../arm-none-eabi/lib/thumb/v7e-m\libc.a(lib_a-mbtowc_r.o)
 .debug_frame   0x000021bc       0x30 c:/program files (x86)/atmel/studio/7.0/toolchain/arm/arm-gnu-toolchain/bin/../lib/gcc/arm-none-eabi/6.3.1/../../../../arm-none-eabi/lib/thumb/v7e-m\libc.a(lib_a-memmove.o)
 .debug_frame   0x000021ec       0x30 c:/program files (x86)/atmel/studio/7.0/toolchain/arm/arm-gnu-toolchain/bin/../lib/gcc/arm-none-eabi/6.3.1/../../../../arm-none-eabi/lib/thumb/v7e-m\libc.a(lib_a-mlock.o)